[Licensing::Module] Trying to connect to existing licensing client channel...
Built from '6000.3/staging' branch; Version is '6000.3.9f1 (7a9955a4f2fa) revision 8034645'; Using compiler version '194234433'; Build Type 'Release'
OS: 'Windows 11  (10.0.22631) ProfessionalEducation' Language: 'en' Physical Memory: 32437 MB
BatchMode: 1, IsHumanControllingUs: 0, StartBugReporterOnCrash: 0, Is64bit: 1
System  architecture: x64
Process architecture: x64
Date: 2026-09-23T16:24:36Z
[Licensing::IpcConnector] Successfully connected to: "LicenseClient-b14s209" at "2026-09-23T16:24:36.4119513Z"

COMMAND LINE ARGUMENTS:
C:\Program Files\Unity\Hub\Editor\6000.3.9f1\Editor\Unity.exe
-adb2
-batchMode
-noUpm
-name
AssetImportWorker4
-projectPath
C:/NATHALIA_REPO/VR_practica
-logFile
Logs/AssetImportWorker4.log
-srvPort
53030
-licensingIpc
LicenseClient-b14s209
-job-worker-count
9
-background-job-worker-count
8
-gc-helper-count
1
-name
AssetImport
Successfully changed project path to: C:/NATHALIA_REPO/VR_practica
C:/NATHALIA_REPO/VR_practica
[UnityMemory] Configuration Parameters - Can be set up in boot.config
    "memorysetup-temp-allocator-size-nav-mesh-worker=65536"
    "memorysetup-temp-allocator-size-audio-worker=65536"
    "memorysetup-temp-allocator-size-gfx=262144"
    "memorysetup-allocator-temp-initial-block-size-main=262144"
    "memorysetup-allocator-temp-initial-block-size-worker=262144"
    "memorysetup-temp-allocator-size-background-worker=32768"
    "memorysetup-temp-allocator-size-job-worker=262144"
    "memorysetup-temp-allocator-size-preload-manager=33554432"
    "memorysetup-temp-allocator-size-gi-baking-worker=262144"
    "memorysetup-temp-allocator-size-gi-baking-worker=262144"
    "memorysetup-temp-allocator-size-gi-baking-worker=262144"
    "memorysetup-temp-allocator-size-gi-baking-worker=262144"
    "memorysetup-temp-allocator-size-gi-baking-worker=262144"
    "memorysetup-bucket-allocator-granularity=16"
    "memorysetup-bucket-allocator-bucket-count=8"
    "memorysetup-bucket-allocator-block-size=33554432"
    "memorysetup-bucket-allocator-block-count=8"
    "memorysetup-main-allocator-block-size=16777216"
    "memorysetup-thread-allocator-block-size=16777216"
    "memorysetup-gfx-main-allocator-block-size=16777216"
    "memorysetup-gfx-thread-allocator-block-size=16777216"
    "memorysetup-cache-allocator-block-size=4194304"
    "memorysetup-typetree-allocator-block-size=2097152"
    "memorysetup-profiler-bucket-allocator-granularity=16"
    "memorysetup-profiler-bucket-allocator-bucket-count=8"
    "memorysetup-profiler-bucket-allocator-block-size=33554432"
    "memorysetup-profiler-bucket-allocator-block-count=8"
    "memorysetup-profiler-allocator-block-size=16777216"
    "memorysetup-profiler-editor-allocator-block-size=1048576"
    "memorysetup-temp-allocator-size-main=16777216"
    "memorysetup-job-temp-allocator-block-size=2097152"
    "memorysetup-job-temp-allocator-block-size-background=1048576"
    "memorysetup-job-temp-allocator-reduction-small-platforms=262144"
    "memorysetup-temp-allocator-size-cloud-worker=32768"
Player connection [8860]  Target information:

Player connection [8860]  * "[IP] 10.4.14.139 [Port] 0 [Flags] 2 [Guid] 2088151669 [EditorId] 2088151669 [Version] 1048832 [Id] WindowsEditor(7,b14_209_11) [Debug] 1 [PackageName] WindowsEditor [ProjectName] Editor" 

Player connection [8860]  * "[IP] 192.168.56.1 [Port] 0 [Flags] 2 [Guid] 2088151669 [EditorId] 2088151669 [Version] 1048832 [Id] WindowsEditor(7,b14_209_11) [Debug] 1 [PackageName] WindowsEditor [ProjectName] Editor" 

Player connection [8860] Host joined multi-casting on [225.0.0.222:54997]...
Player connection [8860] Host joined alternative multi-casting on [225.0.0.222:34997]...
JobSystem: Creating JobQueue using job-worker-count value 9
Input System module state changed to: Initialized.
[Physics::Module] Initialized fallback backend.
[Physics::Module] Id: 0xdecafbad
Library Redirect Path: Library/
[Physics::Module] Selected backend.
[Physics::Module] Name: PhysX
[Physics::Module] Id: 0xf2b8ea05
[Physics::Module] SDK Version: 4.1.2
[Physics::Module] Integration Version: 1.0.0
[Physics::Module] Threading Mode: Multi-Threaded
Refreshing native plugins compatible for Editor in 0.00 ms, found 0 plugins.
Preloading 0 native plugins for Editor in 0.00 ms.
Initialize engine version: 6000.3.9f1 (7a9955a4f2fa)
[Subsystems] Discovering subsystems at path C:/Program Files/Unity/Hub/Editor/6000.3.9f1/Editor/Data/Resources/UnitySubsystems
[Subsystems] Discovering subsystems at path C:/NATHALIA_REPO/VR_practica/Assets
GfxDevice: creating device client; kGfxThreadingModeNonThreaded
Direct3D:
    Version:  Direct3D 11.0 [level 11.1]
    Renderer: NVIDIA GeForce RTX 3060 (ID=0x2504)
    Vendor:   NVIDIA
    VRAM:     12115 MB
    Driver:   32.0.15.6109
Initialize mono
Mono path[0] = 'C:/Program Files/Unity/Hub/Editor/6000.3.9f1/Editor/Data/Managed'
Mono path[1] = 'C:/Program Files/Unity/Hub/Editor/6000.3.9f1/Editor/Data/MonoBleedingEdge/lib/mono/unityjit-win32'
Mono config path = 'C:/Program Files/Unity/Hub/Editor/6000.3.9f1/Editor/Data/MonoBleedingEdge/etc'
Using monoOptions --debugger-agent=transport=dt_socket,embedding=1,server=y,suspend=n,address=127.0.0.1:56556
Begin MonoManager ReloadAssembly
[Licensing::Client] Handshaking with LicensingClient:
  Version:                 1.17.4+4293ba1
  Session Id:              de5671ab2b6a48498c56bb68b41780fd
  Correlation Id:          8b9e06881d3bdc480770bca38def0242
  External correlation Id: 7719414157285757372
  Machine Id:              7tnApIUFll2TvONH8tcJJ2KrzGY=
[Licensing::Module] Successfully connected to LicensingClient on channel: "LicenseClient-b14s209" (connect: 0.00s, validation: 0.00s, handshake: 0.68s)
[Licensing::IpcConnector] Successfully connected to: "LicenseClient-b14s209-notifications" at "2026-09-23T16:24:37.0935302Z"
[Licensing::Module] Licensing Background thread has ended after 0.69s
Registering precompiled unity dll's ...
Register platform support module: C:/Program Files/Unity/Hub/Editor/6000.3.9f1/Editor/Data/PlaybackEngines/WebGLSupport/UnityEditor.WebGL.Extensions.dll
Register platform support module: C:/Program Files/Unity/Hub/Editor/6000.3.9f1/Editor/Data/PlaybackEngines/WindowsStandaloneSupport/UnityEditor.WindowsStandalone.Extensions.dll
[Licensing::Client] Successfully resolved entitlement details
[Licensing::Module] License group:
  Id: 4674066413013-UnityPersXXXX
  Product: Unity Personal
  Type: Assigned
  Expiration: Unlimited
Register platform support module: C:/Program Files/Unity/Hub/Editor/6000.3.9f1/Editor/Data/PlaybackEngines/AndroidPlayer/UnityEditor.Android.Extensions.dll
Registered in 0.004820 seconds.
- Loaded All Assemblies, in  0.349 seconds
Native extension for Android target not found
Android Extension - Scanning For ADB Devices 233 ms
Native extension for WindowsStandalone target not found
Native extension for WebGL target not found
ScheduleIndexationOnStartup MainProcess:False IndexOnStartup:True
Mono: successfully reloaded assembly
- Finished resetting the current domain, in  0.622 seconds
Domain Reload Profiling: 969ms
	BeginReloadAssembly (125ms)
		ExecutionOrderSort (0ms)
		DisableScriptedObjects (0ms)
		BackupInstance (0ms)
		ReleaseScriptingObjects (0ms)
		CreateAndSetChildDomain (1ms)
	RebuildCommonClasses (28ms)
	RebuildNativeTypeToScriptingClass (11ms)
	initialDomainReloadingComplete (39ms)
	LoadAllAssembliesAndSetupDomain (143ms)
		LoadAssemblies (122ms)
		RebuildTransferFunctionScriptingTraits (0ms)
		AnalyzeDomain (140ms)
			TypeCache.Refresh (138ms)
				TypeCache.ScanAssembly (126ms)
			BuildScriptInfoCaches (0ms)
			ResolveRequiredComponents (0ms)
	FinalizeReload (622ms)
		ReleaseScriptCaches (0ms)
		RebuildScriptCaches (0ms)
		SetupLoadedEditorAssemblies (592ms)
			LogAssemblyErrors (0ms)
			InitializePlatformSupportModulesInManaged (313ms)
			SetLoadedEditorAssemblies (3ms)
			BeforeProcessingInitializeOnLoad (84ms)
			ProcessInitializeOnLoadAttributes (136ms)
			ProcessInitializeOnLoadMethodAttributes (56ms)
			AfterProcessingInitializeOnLoad (0ms)
			EditorAssembliesLoaded (0ms)
		ExecutionOrderSort2 (0ms)
		AwakeInstancesAfterBackupRestoration (0ms)
========================================================================
Worker process is ready to serve import requests
Import Worker Mode flag is 0x00
Begin MonoManager ReloadAssembly
[Licensing::Client] Successfully resolved entitlement details
- Loaded All Assemblies, in  0.248 seconds
Refreshing native plugins compatible for Editor in 0.00 ms, found 0 plugins.
Native extension for Android target not found
Native extension for WindowsStandalone target not found
Native extension for WebGL target not found
ScheduleIndexationOnStartup MainProcess:False IndexOnStartup:True
Mono: successfully reloaded assembly
- Finished resetting the current domain, in  0.336 seconds
Domain Reload Profiling: 582ms
	BeginReloadAssembly (164ms)
		ExecutionOrderSort (0ms)
		DisableScriptedObjects (4ms)
		BackupInstance (0ms)
		ReleaseScriptingObjects (0ms)
		CreateAndSetChildDomain (32ms)
	RebuildCommonClasses (29ms)
	RebuildNativeTypeToScriptingClass (10ms)
	initialDomainReloadingComplete (20ms)
	LoadAllAssembliesAndSetupDomain (23ms)
		LoadAssemblies (94ms)
		RebuildTransferFunctionScriptingTraits (0ms)
		AnalyzeDomain (19ms)
			TypeCache.Refresh (15ms)
				TypeCache.ScanAssembly (7ms)
			BuildScriptInfoCaches (1ms)
			ResolveRequiredComponents (0ms)
	FinalizeReload (336ms)
		ReleaseScriptCaches (0ms)
		RebuildScriptCaches (0ms)
		SetupLoadedEditorAssemblies (256ms)
			LogAssemblyErrors (0ms)
			InitializePlatformSupportModulesInManaged (8ms)
			SetLoadedEditorAssemblies (3ms)
			BeforeProcessingInitializeOnLoad (87ms)
			ProcessInitializeOnLoadAttributes (122ms)
			ProcessInitializeOnLoadMethodAttributes (31ms)
			AfterProcessingInitializeOnLoad (3ms)
			EditorAssembliesLoaded (0ms)
		ExecutionOrderSort2 (0ms)
		AwakeInstancesAfterBackupRestoration (5ms)
Launched and connected shader compiler UnityShaderCompiler.exe after 0.01 seconds
Refreshing native plugins compatible for Editor in 0.00 ms, found 0 plugins.
Preloading 0 native plugins for Editor in 0.00 ms.
Unloading 0 Unused Serialized files (Serialized files now loaded: 0)
Unloading 96 unused Assets / (30.5 KB). Loaded Objects now: 689.
Memory consumption went from 64.5 MB to 64.4 MB.
Total: 4.243700 ms (FindLiveObjects: 0.040900 ms CreateObjectMapping: 0.009500 ms MarkObjects: 4.093900 ms  DeleteObjects: 0.098200 ms)

========================================================================
Received Import Request.
  Time since last request: 452043.799785 seconds.
  path: Assets/CoffeeShopStarterPack/Models/PW_display01.fbx
  artifactKey: Guid(e40b5e93ab0944c83bdf360061b0dd37) Importer(2089858483,b0f066a214c2f5e87bad3c948f4d605d)
Start importing Assets/CoffeeShopStarterPack/Models/PW_display01.fbx using Guid(e40b5e93ab0944c83bdf360061b0dd37) Importer(2089858483,b0f066a214c2f5e87bad3c948f4d605d) (ScriptedImporter) -> (artifact id: '2c233676e03e37f3c5b5ff58de38fc12') in 0.1100163 seconds
Number of updated asset objects reloaded before import = 0Number of asset objects unloaded after import = 16

========================================================================
Received Import Request.
  Time since last request: 0.000014 seconds.
  path: Assets/CoffeeShopStarterPack/Test/ScreenShots/PW_cheesecake_strawberry.png
  artifactKey: Guid(f6c2f1b0b59d14629a5054320d2a0d7b) Importer(2089858483,b0f066a214c2f5e87bad3c948f4d605d)
Start importing Assets/CoffeeShopStarterPack/Test/ScreenShots/PW_cheesecake_strawberry.png using Guid(f6c2f1b0b59d14629a5054320d2a0d7b) Importer(2089858483,b0f066a214c2f5e87bad3c948f4d605d) (ScriptedImporter) -> (artifact id: 'e380089f7825cee79023006656be9b6a') in 0.03107 seconds
Number of updated asset objects reloaded before import = 0Number of asset objects unloaded after import = 3

========================================================================
Received Import Request.
  Time since last request: 0.000012 seconds.
  path: Assets/CoffeeShopStarterPack/Textures/coffee_particle.png
  artifactKey: Guid(06b26642f4b1d49c4abde0bf70c5cf8a) Importer(2089858483,b0f066a214c2f5e87bad3c948f4d605d)
Start importing Assets/CoffeeShopStarterPack/Textures/coffee_particle.png using Guid(06b26642f4b1d49c4abde0bf70c5cf8a) Importer(2089858483,b0f066a214c2f5e87bad3c948f4d605d) (ScriptedImporter) -> (artifact id: 'afbf0c3b10a0718291138589f77d6a04') in 0.0055517 seconds
Number of updated asset objects reloaded before import = 0Number of asset objects unloaded after import = 1

========================================================================
Received Import Request.
  Time since last request: 0.000075 seconds.
  path: Assets/CoffeeShopStarterPack/Prefabs/Gameplay/Products/PW_toast_cheese_type1.prefab
  artifactKey: Guid(db1e21882aff945dab993e695a877271) Importer(2089858483,b0f066a214c2f5e87bad3c948f4d605d)
Start importing Assets/CoffeeShopStarterPack/Prefabs/Gameplay/Products/PW_toast_cheese_type1.prefab using Guid(db1e21882aff945dab993e695a877271) Importer(2089858483,b0f066a214c2f5e87bad3c948f4d605d) (ScriptedImporter) -> (artifact id: '9477c51ddb1d76111190fa52a3742151') in 0.0073348 seconds
Number of updated asset objects reloaded before import = 0Number of asset objects unloaded after import = 30

========================================================================
Received Import Request.
  Time since last request: 0.000016 seconds.
  path: Assets/CoffeeShopStarterPack/Test/ScreenShots/PW_frenchtoast_orange.png
  artifactKey: Guid(30bfd2d25a8c34fe0b534e927c307e1d) Importer(2089858483,b0f066a214c2f5e87bad3c948f4d605d)
Start importing Assets/CoffeeShopStarterPack/Test/ScreenShots/PW_frenchtoast_orange.png using Guid(30bfd2d25a8c34fe0b534e927c307e1d) Importer(2089858483,b0f066a214c2f5e87bad3c948f4d605d) (ScriptedImporter) -> (artifact id: 'c1057ea65e617ba620b0162fc49f1d2c') in 0.0053606 seconds
Number of updated asset objects reloaded before import = 0Number of asset objects unloaded after import = 3

========================================================================
Received Import Request.
  Time since last request: 0.000013 seconds.
  path: Assets/CoffeeShopStarterPack/Prefabs/Gameplay/Products/PW_frenchtoast_strawberry_type0.prefab
  artifactKey: Guid(5e6b51f587888488880ecf075a60bcb2) Importer(2089858483,b0f066a214c2f5e87bad3c948f4d605d)
Start importing Assets/CoffeeShopStarterPack/Prefabs/Gameplay/Products/PW_frenchtoast_strawberry_type0.prefab using Guid(5e6b51f587888488880ecf075a60bcb2) Importer(2089858483,b0f066a214c2f5e87bad3c948f4d605d) (ScriptedImporter) -> (artifact id: '91269f541144cc6c747b834b9ecff30b') in 0.0049271 seconds
Number of updated asset objects reloaded before import = 0Number of asset objects unloaded after import = 30

========================================================================
Received Import Request.
  Time since last request: 0.000013 seconds.
  path: Assets/CoffeeShopStarterPack/Test/ScreenShots/PW_frenchtoas_cherry_tomato.png
  artifactKey: Guid(0e75c7f858518463888cb6a605654bf1) Importer(2089858483,b0f066a214c2f5e87bad3c948f4d605d)
Start importing Assets/CoffeeShopStarterPack/Test/ScreenShots/PW_frenchtoas_cherry_tomato.png using Guid(0e75c7f858518463888cb6a605654bf1) Importer(2089858483,b0f066a214c2f5e87bad3c948f4d605d) (ScriptedImporter) -> (artifact id: 'd6381690b5fbd3249e5f1ea4d3010db9') in 0.0055462 seconds
Number of updated asset objects reloaded before import = 0Number of asset objects unloaded after import = 3

========================================================================
Received Import Request.
  Time since last request: 0.000014 seconds.
  path: Assets/CoffeeShopStarterPack/Prefabs/Gameplay/OrderRepresentation.prefab
  artifactKey: Guid(a1f504b250f85472aa056582a234d53f) Importer(2089858483,b0f066a214c2f5e87bad3c948f4d605d)
Start importing Assets/CoffeeShopStarterPack/Prefabs/Gameplay/OrderRepresentation.prefab using Guid(a1f504b250f85472aa056582a234d53f) Importer(2089858483,b0f066a214c2f5e87bad3c948f4d605d) (ScriptedImporter) -> (artifact id: 'ca8b0141712d1d82dc8f70486271709c') in 0.0060536 seconds
Number of updated asset objects reloaded before import = 0Number of asset objects unloaded after import = 22

========================================================================
Received Import Request.
  Time since last request: 0.000016 seconds.
  path: Assets/CoffeeShopStarterPack/Scripts/Editor/ProductEditor.cs
  artifactKey: Guid(8245096772190411f8057456abd24f4f) Importer(2089858483,b0f066a214c2f5e87bad3c948f4d605d)
Start importing Assets/CoffeeShopStarterPack/Scripts/Editor/ProductEditor.cs using Guid(8245096772190411f8057456abd24f4f) Importer(2089858483,b0f066a214c2f5e87bad3c948f4d605d) (ScriptedImporter) -> (artifact id: 'b533fef8f6216df0ede25da49169ce96') in 0.0025112 seconds
Number of updated asset objects reloaded before import = 0Number of asset objects unloaded after import = 0

========================================================================
Received Import Request.
  Time since last request: 0.000094 seconds.
  path: Assets/CoffeeShopStarterPack/Materials/GridPlane.mat
  artifactKey: Guid(9a6e5c255d5684847a52f3498c9496f2) Importer(2089858483,b0f066a214c2f5e87bad3c948f4d605d)
Start importing Assets/CoffeeShopStarterPack/Materials/GridPlane.mat using Guid(9a6e5c255d5684847a52f3498c9496f2) Importer(2089858483,b0f066a214c2f5e87bad3c948f4d605d) (ScriptedImporter) -> (artifact id: '3a5ac94ab0fc42a33417ca7fd37cda3f') in 0.0506023 seconds
Number of updated asset objects reloaded before import = 0Number of asset objects unloaded after import = 1

========================================================================
Received Import Request.
  Time since last request: 0.000023 seconds.
  path: Assets/CoffeeShopStarterPack/Models/PW_frenchtoast_olives.fbx
  artifactKey: Guid(32506361bb24d4533be5d8292f71db7c) Importer(2089858483,b0f066a214c2f5e87bad3c948f4d605d)
Start importing Assets/CoffeeShopStarterPack/Models/PW_frenchtoast_olives.fbx using Guid(32506361bb24d4533be5d8292f71db7c) Importer(2089858483,b0f066a214c2f5e87bad3c948f4d605d) (ScriptedImporter) -> (artifact id: '2031b267470063d37afa87ae0408714f') in 0.0085594 seconds
Number of updated asset objects reloaded before import = 0Number of asset objects unloaded after import = 28

========================================================================
Received Import Request.
  Time since last request: 0.000019 seconds.
  path: Assets/CoffeeShopStarterPack/Prefabs/PW_cookie.prefab
  artifactKey: Guid(17ac7eebcd6e04cc1909e60b6bc2fc01) Importer(2089858483,b0f066a214c2f5e87bad3c948f4d605d)
Start importing Assets/CoffeeShopStarterPack/Prefabs/PW_cookie.prefab using Guid(17ac7eebcd6e04cc1909e60b6bc2fc01) Importer(2089858483,b0f066a214c2f5e87bad3c948f4d605d) (ScriptedImporter) -> (artifact id: 'bcec662b8b921b75047de48e4dc40d09') in 0.0100156 seconds
Number of updated asset objects reloaded before import = 0Number of asset objects unloaded after import = 9

========================================================================
Received Import Request.
  Time since last request: 0.000013 seconds.
  path: Assets/CoffeeShopStarterPack/Models/PW_doughnut_blackNwhite.fbx
  artifactKey: Guid(dc74e53f7f0b5495b9e760dd4803accb) Importer(2089858483,b0f066a214c2f5e87bad3c948f4d605d)
Start importing Assets/CoffeeShopStarterPack/Models/PW_doughnut_blackNwhite.fbx using Guid(dc74e53f7f0b5495b9e760dd4803accb) Importer(2089858483,b0f066a214c2f5e87bad3c948f4d605d) (ScriptedImporter) -> (artifact id: '3507aa1695869b1f333812e70814b79b') in 0.0082133 seconds
Number of updated asset objects reloaded before import = 0Number of asset objects unloaded after import = 9

========================================================================
Received Import Request.
  Time since last request: 0.000013 seconds.
  path: Assets/CoffeeShopStarterPack/Scripts/StoveGameObject.cs
  artifactKey: Guid(a2c876a4778e443198228249aed29aeb) Importer(2089858483,b0f066a214c2f5e87bad3c948f4d605d)
Start importing Assets/CoffeeShopStarterPack/Scripts/StoveGameObject.cs using Guid(a2c876a4778e443198228249aed29aeb) Importer(2089858483,b0f066a214c2f5e87bad3c948f4d605d) (ScriptedImporter) -> (artifact id: 'b304f883f905765dd6042905d27dc0f1') in 0.0025229 seconds
Number of updated asset objects reloaded before import = 0Number of asset objects unloaded after import = 0

========================================================================
Received Import Request.
  Time since last request: 0.000075 seconds.
  path: Assets/CoffeeShopStarterPack/Scenes/PostProcessProfiles/GamePlayPostProcess.asset
  artifactKey: Guid(a5ed9b1a8c0774504baa2a2ac2b78ae6) Importer(2089858483,b0f066a214c2f5e87bad3c948f4d605d)
Start importing Assets/CoffeeShopStarterPack/Scenes/PostProcessProfiles/GamePlayPostProcess.asset using Guid(a5ed9b1a8c0774504baa2a2ac2b78ae6) Importer(2089858483,b0f066a214c2f5e87bad3c948f4d605d) (ScriptedImporter) -> (artifact id: '970fe7c7561e141163f4e87c172a5bc7') in 0.0146931 seconds
Number of updated asset objects reloaded before import = 0Number of asset objects unloaded after import = 1

========================================================================
Received Import Request.
  Time since last request: 0.000036 seconds.
  path: Assets/CoffeeShopStarterPack/Models/PW_Placeholder.fbx
  artifactKey: Guid(31761de8f36ba403eb8a9d9d92233a2f) Importer(2089858483,b0f066a214c2f5e87bad3c948f4d605d)
Start importing Assets/CoffeeShopStarterPack/Models/PW_Placeholder.fbx using Guid(31761de8f36ba403eb8a9d9d92233a2f) Importer(2089858483,b0f066a214c2f5e87bad3c948f4d605d) (ScriptedImporter) -> (artifact id: '4a63959dc32e5710d9f96b0ab10429c5') in 0.0057983 seconds
Number of updated asset objects reloaded before import = 0Number of asset objects unloaded after import = 8

========================================================================
Received Import Request.
  Time since last request: 0.000046 seconds.
  path: Assets/CoffeeShopStarterPack/Models/PW_cupboard_narrow.fbx
  artifactKey: Guid(a54fa2613a81641dca85abbac2f33681) Importer(2089858483,b0f066a214c2f5e87bad3c948f4d605d)
Start importing Assets/CoffeeShopStarterPack/Models/PW_cupboard_narrow.fbx using Guid(a54fa2613a81641dca85abbac2f33681) Importer(2089858483,b0f066a214c2f5e87bad3c948f4d605d) (ScriptedImporter) -> (artifact id: '02527aff89a15d7fdc6db95781bd47f2') in 0.0071513 seconds
Number of updated asset objects reloaded before import = 0Number of asset objects unloaded after import = 22

========================================================================
Received Import Request.
  Time since last request: 0.250477 seconds.
  path: Assets/CoffeeShopStarterPack/Prefabs/PW_frenchtoast_olives.prefab
  artifactKey: Guid(340d47ae895ab4f1cb1c63107c57ff7f) Importer(2089858483,b0f066a214c2f5e87bad3c948f4d605d)
Start importing Assets/CoffeeShopStarterPack/Prefabs/PW_frenchtoast_olives.prefab using Guid(340d47ae895ab4f1cb1c63107c57ff7f) Importer(2089858483,b0f066a214c2f5e87bad3c948f4d605d) (ScriptedImporter) -> (artifact id: '13a0bc3b0251f0bf934c8694a0b82392') in 0.0089763 seconds
Number of updated asset objects reloaded before import = 0Number of asset objects unloaded after import = 28

========================================================================
Received Import Request.
  Time since last request: 0.000011 seconds.
  path: Assets/CoffeeShopStarterPack/Prefabs/PW_frenchtoas_cherry_tomato.prefab
  artifactKey: Guid(3d66c34ece81a4e88b0918ae6e9e4b83) Importer(2089858483,b0f066a214c2f5e87bad3c948f4d605d)
Start importing Assets/CoffeeShopStarterPack/Prefabs/PW_frenchtoas_cherry_tomato.prefab using Guid(3d66c34ece81a4e88b0918ae6e9e4b83) Importer(2089858483,b0f066a214c2f5e87bad3c948f4d605d) (ScriptedImporter) -> (artifact id: 'c261e6fb6fa0c54de0fb5b9dcbfc1c72') in 0.0060385 seconds
Number of updated asset objects reloaded before import = 0Number of asset objects unloaded after import = 28

========================================================================
Received Import Request.
  Time since last request: 0.000096 seconds.
  path: Assets/CoffeeShopStarterPack/Models/PW_mochapot.fbx
  artifactKey: Guid(14757843bf5574ff3a9ff763ff4cc30c) Importer(2089858483,b0f066a214c2f5e87bad3c948f4d605d)
Start importing Assets/CoffeeShopStarterPack/Models/PW_mochapot.fbx using Guid(14757843bf5574ff3a9ff763ff4cc30c) Importer(2089858483,b0f066a214c2f5e87bad3c948f4d605d) (ScriptedImporter) -> (artifact id: '63d2f5fa481b6662d632912d359ea3c5') in 0.01012 seconds
Number of updated asset objects reloaded before import = 0Number of asset objects unloaded after import = 9

========================================================================
Received Import Request.
  Time since last request: 0.000014 seconds.
  path: Assets/CoffeeShopStarterPack/Prefabs/PW_croissant.prefab
  artifactKey: Guid(9007700338d194bd18e3086f4600a7ea) Importer(2089858483,b0f066a214c2f5e87bad3c948f4d605d)
Start importing Assets/CoffeeShopStarterPack/Prefabs/PW_croissant.prefab using Guid(9007700338d194bd18e3086f4600a7ea) Importer(2089858483,b0f066a214c2f5e87bad3c948f4d605d) (ScriptedImporter) -> (artifact id: 'b8b0ed1254ed1a921fca7d3fdc05fa44') in 0.0060128 seconds
Number of updated asset objects reloaded before import = 0Number of asset objects unloaded after import = 9

========================================================================
Received Import Request.
  Time since last request: 0.000015 seconds.
  path: Assets/CoffeeShopStarterPack/Prefabs/PW_espresso_cup.prefab
  artifactKey: Guid(2dd019f1380a8464da36c528baec5b4c) Importer(2089858483,b0f066a214c2f5e87bad3c948f4d605d)
Start importing Assets/CoffeeShopStarterPack/Prefabs/PW_espresso_cup.prefab using Guid(2dd019f1380a8464da36c528baec5b4c) Importer(2089858483,b0f066a214c2f5e87bad3c948f4d605d) (ScriptedImporter) -> (artifact id: 'd5b3d60a0d87813130e5745fcb33af46') in 0.0034068 seconds
Number of updated asset objects reloaded before import = 0Number of asset objects unloaded after import = 28

========================================================================
Received Import Request.
  Time since last request: 0.000014 seconds.
  path: Assets/CoffeeShopStarterPack/Scripts/ProductWithCover.cs
  artifactKey: Guid(ccc969ba6807e4f3ca40c78d54acd4f0) Importer(2089858483,b0f066a214c2f5e87bad3c948f4d605d)
Start importing Assets/CoffeeShopStarterPack/Scripts/ProductWithCover.cs using Guid(ccc969ba6807e4f3ca40c78d54acd4f0) Importer(2089858483,b0f066a214c2f5e87bad3c948f4d605d) (ScriptedImporter) -> (artifact id: 'eea941715a539807426a50fb65204a16') in 0.003214 seconds
Number of updated asset objects reloaded before import = 0Number of asset objects unloaded after import = 0

========================================================================
Received Import Request.
  Time since last request: 0.000107 seconds.
  path: Assets/CoffeeShopStarterPack/Prefabs/PW_cupboard01.prefab
  artifactKey: Guid(31264236aa69f49fba6ca492242bd217) Importer(2089858483,b0f066a214c2f5e87bad3c948f4d605d)
Start importing Assets/CoffeeShopStarterPack/Prefabs/PW_cupboard01.prefab using Guid(31264236aa69f49fba6ca492242bd217) Importer(2089858483,b0f066a214c2f5e87bad3c948f4d605d) (ScriptedImporter) -> (artifact id: '2d5bec1c01e5dc59e166f8ca7c505069') in 0.0032914 seconds
Number of updated asset objects reloaded before import = 0Number of asset objects unloaded after import = 34

========================================================================
Received Import Request.
  Time since last request: 0.000014 seconds.
  path: Assets/CoffeeShopStarterPack/Test/ScreenShots/PW_croissant.png
  artifactKey: Guid(cc613b3129ae6483bba2736f8bd05473) Importer(2089858483,b0f066a214c2f5e87bad3c948f4d605d)
Start importing Assets/CoffeeShopStarterPack/Test/ScreenShots/PW_croissant.png using Guid(cc613b3129ae6483bba2736f8bd05473) Importer(2089858483,b0f066a214c2f5e87bad3c948f4d605d) (ScriptedImporter) -> (artifact id: '4adf28353559bb0ff20d24d0608e562d') in 0.0070888 seconds
Number of updated asset objects reloaded before import = 0Number of asset objects unloaded after import = 3

========================================================================
Received Import Request.
  Time since last request: 0.000042 seconds.
  path: Assets/CoffeeShopStarterPack/Textures
  artifactKey: Guid(19c3c0b3f53374f38a6360de8bbcefbe) Importer(2089858483,b0f066a214c2f5e87bad3c948f4d605d)
Start importing Assets/CoffeeShopStarterPack/Textures using Guid(19c3c0b3f53374f38a6360de8bbcefbe) Importer(2089858483,b0f066a214c2f5e87bad3c948f4d605d) (ScriptedImporter) -> (artifact id: '2ae7a936b2028f0a5c25e0a256dafd69') in 0.0021557 seconds
Number of updated asset objects reloaded before import = 0Number of asset objects unloaded after import = 1

========================================================================
Received Import Request.
  Time since last request: 0.000031 seconds.
  path: Assets/CoffeeShopStarterPack/Test/ScreenShots/PW_lemonade.png
  artifactKey: Guid(adbd6b6d02ed54f02bfd0485a39d2ea8) Importer(2089858483,b0f066a214c2f5e87bad3c948f4d605d)
Start importing Assets/CoffeeShopStarterPack/Test/ScreenShots/PW_lemonade.png using Guid(adbd6b6d02ed54f02bfd0485a39d2ea8) Importer(2089858483,b0f066a214c2f5e87bad3c948f4d605d) (ScriptedImporter) -> (artifact id: 'a8bd3dd03466cdd769bac27245d3f46b') in 0.0062267 seconds
Number of updated asset objects reloaded before import = 0Number of asset objects unloaded after import = 3

========================================================================
Received Import Request.
  Time since last request: 0.000017 seconds.
  path: Assets/CoffeeShopStarterPack/UI
  artifactKey: Guid(1661e8fcafc8b4c0784307a7d17f31af) Importer(2089858483,b0f066a214c2f5e87bad3c948f4d605d)
Start importing Assets/CoffeeShopStarterPack/UI using Guid(1661e8fcafc8b4c0784307a7d17f31af) Importer(2089858483,b0f066a214c2f5e87bad3c948f4d605d) (ScriptedImporter) -> (artifact id: '674069cc80a9387ac2ce8e07aba28002') in 0.0040282 seconds
Number of updated asset objects reloaded before import = 0Number of asset objects unloaded after import = 1

========================================================================
Received Import Request.
  Time since last request: 0.000057 seconds.
  path: Assets/CoffeeShopStarterPack/Scripts/CreateProductOnPlaceHolder.cs
  artifactKey: Guid(1c9217cb47fdb4856bb026dcab589ee1) Importer(2089858483,b0f066a214c2f5e87bad3c948f4d605d)
Start importing Assets/CoffeeShopStarterPack/Scripts/CreateProductOnPlaceHolder.cs using Guid(1c9217cb47fdb4856bb026dcab589ee1) Importer(2089858483,b0f066a214c2f5e87bad3c948f4d605d) (ScriptedImporter) -> (artifact id: '5c1bfdb38ec3833c64083d5791ff465c') in 0.0024116 seconds
Number of updated asset objects reloaded before import = 0Number of asset objects unloaded after import = 0

========================================================================
Received Import Request.
  Time since last request: 0.000124 seconds.
  path: Assets/CoffeeShopStarterPack/Animations
  artifactKey: Guid(6f06c885f68e1475c8ca143144f4e940) Importer(2089858483,b0f066a214c2f5e87bad3c948f4d605d)
Start importing Assets/CoffeeShopStarterPack/Animations using Guid(6f06c885f68e1475c8ca143144f4e940) Importer(2089858483,b0f066a214c2f5e87bad3c948f4d605d) (ScriptedImporter) -> (artifact id: '2054868e4d69e6617c195083d62ee723') in 0.0018888 seconds
Number of updated asset objects reloaded before import = 0Number of asset objects unloaded after import = 1

========================================================================
Received Import Request.
  Time since last request: 0.000076 seconds.
  path: Assets/CoffeeShopStarterPack/Prefabs/Gameplay/Products/PW_cup01_type2.prefab
  artifactKey: Guid(da969c6a8e1504a9b810d48b9518d121) Importer(2089858483,b0f066a214c2f5e87bad3c948f4d605d)
Start importing Assets/CoffeeShopStarterPack/Prefabs/Gameplay/Products/PW_cup01_type2.prefab using Guid(da969c6a8e1504a9b810d48b9518d121) Importer(2089858483,b0f066a214c2f5e87bad3c948f4d605d) (ScriptedImporter) -> (artifact id: '15ef7233300018c2554542bc05b538ee') in 0.003957 seconds
Number of updated asset objects reloaded before import = 0Number of asset objects unloaded after import = 19

========================================================================
Received Import Request.
  Time since last request: 0.000014 seconds.
  path: Assets/CoffeeShopStarterPack/Models/PW_toast_cheese.fbx
  artifactKey: Guid(e21bfea69265541d1903c3c13f943471) Importer(2089858483,b0f066a214c2f5e87bad3c948f4d605d)
Start importing Assets/CoffeeShopStarterPack/Models/PW_toast_cheese.fbx using Guid(e21bfea69265541d1903c3c13f943471) Importer(2089858483,b0f066a214c2f5e87bad3c948f4d605d) (ScriptedImporter) -> (artifact id: 'c5ec893d6dbfff3b49361c467e421734') in 0.0064778 seconds
Number of updated asset objects reloaded before import = 0Number of asset objects unloaded after import = 28

========================================================================
Received Import Request.
  Time since last request: 0.000015 seconds.
  path: Assets/CoffeeShopStarterPack/Prefabs/Gameplay/Products/PW_frenchtoast_egg_type0.prefab
  artifactKey: Guid(dbb60ab1995584b9190b31455f764c63) Importer(2089858483,b0f066a214c2f5e87bad3c948f4d605d)
Start importing Assets/CoffeeShopStarterPack/Prefabs/Gameplay/Products/PW_frenchtoast_egg_type0.prefab using Guid(dbb60ab1995584b9190b31455f764c63) Importer(2089858483,b0f066a214c2f5e87bad3c948f4d605d) (ScriptedImporter) -> (artifact id: 'cff0ffecbede06ba1d562b9c9fe0ea17') in 0.0034331 seconds
Number of updated asset objects reloaded before import = 0Number of asset objects unloaded after import = 24

========================================================================
Received Import Request.
  Time since last request: 0.000142 seconds.
  path: Assets/CoffeeShopStarterPack/Prefabs/PW_sculent02_S.prefab
  artifactKey: Guid(1e390fa4bfb8648509b8ecf4e7237451) Importer(2089858483,b0f066a214c2f5e87bad3c948f4d605d)
Start importing Assets/CoffeeShopStarterPack/Prefabs/PW_sculent02_S.prefab using Guid(1e390fa4bfb8648509b8ecf4e7237451) Importer(2089858483,b0f066a214c2f5e87bad3c948f4d605d) (ScriptedImporter) -> (artifact id: 'bfed873bb8b51c650f904aca741f04bf') in 0.0038359 seconds
Number of updated asset objects reloaded before import = 0Number of asset objects unloaded after import = 28

========================================================================
Received Import Request.
  Time since last request: 0.000015 seconds.
  path: Assets/CoffeeShopStarterPack/Test/ScreenShots/PW_cup03.png
  artifactKey: Guid(2490cfa983afa4d64b27f8db9ecf265e) Importer(2089858483,b0f066a214c2f5e87bad3c948f4d605d)
Start importing Assets/CoffeeShopStarterPack/Test/ScreenShots/PW_cup03.png using Guid(2490cfa983afa4d64b27f8db9ecf265e) Importer(2089858483,b0f066a214c2f5e87bad3c948f4d605d) (ScriptedImporter) -> (artifact id: 'b7a996456dce53092e8788f1e5d07ccd') in 0.0064543 seconds
Number of updated asset objects reloaded before import = 0Number of asset objects unloaded after import = 3

========================================================================
Received Import Request.
  Time since last request: 0.000015 seconds.
  path: Assets/CoffeeShopStarterPack/Test/ScreenShots/PW_cupcake_cherry.png
  artifactKey: Guid(c5e66bf12f7234c33aacd2fc01dc3771) Importer(2089858483,b0f066a214c2f5e87bad3c948f4d605d)
Start importing Assets/CoffeeShopStarterPack/Test/ScreenShots/PW_cupcake_cherry.png using Guid(c5e66bf12f7234c33aacd2fc01dc3771) Importer(2089858483,b0f066a214c2f5e87bad3c948f4d605d) (ScriptedImporter) -> (artifact id: '38ed563590fc647be78795af6ef74226') in 0.0049946 seconds
Number of updated asset objects reloaded before import = 0Number of asset objects unloaded after import = 3

========================================================================
Received Import Request.
  Time since last request: 0.000019 seconds.
  path: Assets/CoffeeShopStarterPack/Scripts/Editor/ProductManagerEditor.cs
  artifactKey: Guid(960e3fc330bc741b8a5843512ce2edbe) Importer(2089858483,b0f066a214c2f5e87bad3c948f4d605d)
Start importing Assets/CoffeeShopStarterPack/Scripts/Editor/ProductManagerEditor.cs using Guid(960e3fc330bc741b8a5843512ce2edbe) Importer(2089858483,b0f066a214c2f5e87bad3c948f4d605d) (ScriptedImporter) -> (artifact id: 'e297862ad75bb048452a7d0b51ec4b68') in 0.0022336 seconds
Number of updated asset objects reloaded before import = 0Number of asset objects unloaded after import = 0

========================================================================
Received Import Request.
  Time since last request: 0.000097 seconds.
  path: Assets/CoffeeShopStarterPack/Prefabs/Gameplay/Products/PW_cup02_type2.prefab
  artifactKey: Guid(aca068d7d3d5a449a985904c5d0f314f) Importer(2089858483,b0f066a214c2f5e87bad3c948f4d605d)
Start importing Assets/CoffeeShopStarterPack/Prefabs/Gameplay/Products/PW_cup02_type2.prefab using Guid(aca068d7d3d5a449a985904c5d0f314f) Importer(2089858483,b0f066a214c2f5e87bad3c948f4d605d) (ScriptedImporter) -> (artifact id: '3ec2ad921778be91d9d087c633139de9') in 0.004327 seconds
Number of updated asset objects reloaded before import = 0Number of asset objects unloaded after import = 19

========================================================================
Received Import Request.
  Time since last request: 0.000015 seconds.
  path: Assets/CoffeeShopStarterPack/Models/PW_microwave.fbx
  artifactKey: Guid(d7f2ead0f57364e5bbcda9f679e509a0) Importer(2089858483,b0f066a214c2f5e87bad3c948f4d605d)
Start importing Assets/CoffeeShopStarterPack/Models/PW_microwave.fbx using Guid(d7f2ead0f57364e5bbcda9f679e509a0) Importer(2089858483,b0f066a214c2f5e87bad3c948f4d605d) (ScriptedImporter) -> (artifact id: '1d56a0b5191c5ce4396c4682b798ac20') in 0.0070715 seconds
Number of updated asset objects reloaded before import = 0Number of asset objects unloaded after import = 30

========================================================================
Received Import Request.
  Time since last request: 0.000028 seconds.
  path: Assets/CoffeeShopStarterPack/Scenes
  artifactKey: Guid(b30e2cf3c01784edeb0a083089712b15) Importer(2089858483,b0f066a214c2f5e87bad3c948f4d605d)
Start importing Assets/CoffeeShopStarterPack/Scenes using Guid(b30e2cf3c01784edeb0a083089712b15) Importer(2089858483,b0f066a214c2f5e87bad3c948f4d605d) (ScriptedImporter) -> (artifact id: '317c5983d0269c36fceec0e11cb34a12') in 0.0016953 seconds
Number of updated asset objects reloaded before import = 0Number of asset objects unloaded after import = 1

========================================================================
Received Import Request.
  Time since last request: 0.000083 seconds.
  path: Assets/CoffeeShopStarterPack/Models/PW_tea_cup01.fbx
  artifactKey: Guid(5447f643858a8477c876258920bda300) Importer(2089858483,b0f066a214c2f5e87bad3c948f4d605d)
Start importing Assets/CoffeeShopStarterPack/Models/PW_tea_cup01.fbx using Guid(5447f643858a8477c876258920bda300) Importer(2089858483,b0f066a214c2f5e87bad3c948f4d605d) (ScriptedImporter) -> (artifact id: 'ec6b462f2a83740b7ac99c6511d42502') in 0.0055508 seconds
Number of updated asset objects reloaded before import = 0Number of asset objects unloaded after import = 22

========================================================================
Received Import Request.
  Time since last request: 0.000015 seconds.
  path: Assets/CoffeeShopStarterPack/Models/PW_lemonade.fbx
  artifactKey: Guid(a9f5ed3a8b3bd4799986201336a88d8c) Importer(2089858483,b0f066a214c2f5e87bad3c948f4d605d)
Start importing Assets/CoffeeShopStarterPack/Models/PW_lemonade.fbx using Guid(a9f5ed3a8b3bd4799986201336a88d8c) Importer(2089858483,b0f066a214c2f5e87bad3c948f4d605d) (ScriptedImporter) -> (artifact id: '20d24e3631300cdb35d45b86724cd598') in 0.006134 seconds
Number of updated asset objects reloaded before import = 0Number of asset objects unloaded after import = 22

========================================================================
Received Import Request.
  Time since last request: 0.000015 seconds.
  path: Assets/CoffeeShopStarterPack/Test/ScreenShots/PW_cup02.png
  artifactKey: Guid(7e6385ad2d3a54b6184e95137b5a53a2) Importer(2089858483,b0f066a214c2f5e87bad3c948f4d605d)
Start importing Assets/CoffeeShopStarterPack/Test/ScreenShots/PW_cup02.png using Guid(7e6385ad2d3a54b6184e95137b5a53a2) Importer(2089858483,b0f066a214c2f5e87bad3c948f4d605d) (ScriptedImporter) -> (artifact id: '21da142370f82858f4c892ecddd5133e') in 0.0052201 seconds
Number of updated asset objects reloaded before import = 0Number of asset objects unloaded after import = 3

========================================================================
Received Import Request.
  Time since last request: 0.000014 seconds.
  path: Assets/CoffeeShopStarterPack/Models/PW_cheesecake_chocolatte.fbx
  artifactKey: Guid(1f00f2bf39c2347bc844a6db1cdc4f74) Importer(2089858483,b0f066a214c2f5e87bad3c948f4d605d)
Start importing Assets/CoffeeShopStarterPack/Models/PW_cheesecake_chocolatte.fbx using Guid(1f00f2bf39c2347bc844a6db1cdc4f74) Importer(2089858483,b0f066a214c2f5e87bad3c948f4d605d) (ScriptedImporter) -> (artifact id: '449bd980741fa538129a0c43ee06bac5') in 0.0065983 seconds
Number of updated asset objects reloaded before import = 0Number of asset objects unloaded after import = 9

========================================================================
Received Import Request.
  Time since last request: 0.000015 seconds.
  path: Assets/CoffeeShopStarterPack/Prefabs/Gameplay/Products/PW_croissant_type3.prefab
  artifactKey: Guid(fc1c715930c3942a4b6230c59db45ddc) Importer(2089858483,b0f066a214c2f5e87bad3c948f4d605d)
Start importing Assets/CoffeeShopStarterPack/Prefabs/Gameplay/Products/PW_croissant_type3.prefab using Guid(fc1c715930c3942a4b6230c59db45ddc) Importer(2089858483,b0f066a214c2f5e87bad3c948f4d605d) (ScriptedImporter) -> (artifact id: '12d2e725c412f36fe8bec531053faa2a') in 0.0070019 seconds
Number of updated asset objects reloaded before import = 0Number of asset objects unloaded after import = 10

========================================================================
Received Import Request.
  Time since last request: 0.000016 seconds.
  path: Assets/CoffeeShopStarterPack/Prefabs/Gameplay/Products/PW_doughnut_pink_type3.prefab
  artifactKey: Guid(3c21fae85de8b448fb137b5311d976ca) Importer(2089858483,b0f066a214c2f5e87bad3c948f4d605d)
Start importing Assets/CoffeeShopStarterPack/Prefabs/Gameplay/Products/PW_doughnut_pink_type3.prefab using Guid(3c21fae85de8b448fb137b5311d976ca) Importer(2089858483,b0f066a214c2f5e87bad3c948f4d605d) (ScriptedImporter) -> (artifact id: '84fafcdde007ba6fe4a8f0ba3d74c7e7') in 0.0054849 seconds
Number of updated asset objects reloaded before import = 0Number of asset objects unloaded after import = 10

========================================================================
Received Import Request.
  Time since last request: 0.000014 seconds.
  path: Assets/CoffeeShopStarterPack/Prefabs/PW_tea_cup01.prefab
  artifactKey: Guid(cb5347f407bce459e92511942fdca089) Importer(2089858483,b0f066a214c2f5e87bad3c948f4d605d)
Start importing Assets/CoffeeShopStarterPack/Prefabs/PW_tea_cup01.prefab using Guid(cb5347f407bce459e92511942fdca089) Importer(2089858483,b0f066a214c2f5e87bad3c948f4d605d) (ScriptedImporter) -> (artifact id: '63f48982fd9b56fac99e10308cbaf9af') in 0.0056739 seconds
Number of updated asset objects reloaded before import = 0Number of asset objects unloaded after import = 22

========================================================================
Received Import Request.
  Time since last request: 0.339777 seconds.
  path: Assets/CoffeeShopStarterPack/Test/ScreenShots/PW_cupcake_chocolattechips.png
  artifactKey: Guid(5a6620289d7f64b31859544ead646a25) Importer(2089858483,b0f066a214c2f5e87bad3c948f4d605d)
Start importing Assets/CoffeeShopStarterPack/Test/ScreenShots/PW_cupcake_chocolattechips.png using Guid(5a6620289d7f64b31859544ead646a25) Importer(2089858483,b0f066a214c2f5e87bad3c948f4d605d) (ScriptedImporter) -> (artifact id: '4fbe0f339574c03df283c82dec842c8d') in 0.0084796 seconds
Number of updated asset objects reloaded before import = 0Number of asset objects unloaded after import = 3

========================================================================
Received Import Request.
  Time since last request: 0.000016 seconds.
  path: Assets/CoffeeShopStarterPack/Models/PW_espressomachine.fbx
  artifactKey: Guid(a701114f4f73445e2a34b6c76b96a622) Importer(2089858483,b0f066a214c2f5e87bad3c948f4d605d)
Start importing Assets/CoffeeShopStarterPack/Models/PW_espressomachine.fbx using Guid(a701114f4f73445e2a34b6c76b96a622) Importer(2089858483,b0f066a214c2f5e87bad3c948f4d605d) (ScriptedImporter) -> (artifact id: '0154afca36005c959ad77a95008d09fa') in 0.0079279 seconds
Number of updated asset objects reloaded before import = 0Number of asset objects unloaded after import = 16

========================================================================
Received Import Request.
  Time since last request: 0.000013 seconds.
  path: Assets/CoffeeShopStarterPack/Prefabs/PW_cupcake_chocolattechips.prefab
  artifactKey: Guid(5e6527792754e41d48aec14c1dafd8af) Importer(2089858483,b0f066a214c2f5e87bad3c948f4d605d)
Start importing Assets/CoffeeShopStarterPack/Prefabs/PW_cupcake_chocolattechips.prefab using Guid(5e6527792754e41d48aec14c1dafd8af) Importer(2089858483,b0f066a214c2f5e87bad3c948f4d605d) (ScriptedImporter) -> (artifact id: '41ad0e5809c968ccdfdae4fbdcbfb169') in 0.0089539 seconds
Number of updated asset objects reloaded before import = 0Number of asset objects unloaded after import = 9

========================================================================
Received Import Request.
  Time since last request: 0.000017 seconds.
  path: Assets/CoffeeShopStarterPack/Test/ScreenShots/PW_display_cube.png
  artifactKey: Guid(a05e9caaf1a2e437c876578cb3aa021a) Importer(2089858483,b0f066a214c2f5e87bad3c948f4d605d)
Start importing Assets/CoffeeShopStarterPack/Test/ScreenShots/PW_display_cube.png using Guid(a05e9caaf1a2e437c876578cb3aa021a) Importer(2089858483,b0f066a214c2f5e87bad3c948f4d605d) (ScriptedImporter) -> (artifact id: '247de1573765aa5c37402f1ea84840b0') in 0.008257 seconds
Number of updated asset objects reloaded before import = 0Number of asset objects unloaded after import = 3

========================================================================
Received Import Request.
  Time since last request: 0.000017 seconds.
  path: Assets/CoffeeShopStarterPack/Models/PW_plate01.fbx
  artifactKey: Guid(11f590721e3924264bebcdf8ba152dd0) Importer(2089858483,b0f066a214c2f5e87bad3c948f4d605d)
Start importing Assets/CoffeeShopStarterPack/Models/PW_plate01.fbx using Guid(11f590721e3924264bebcdf8ba152dd0) Importer(2089858483,b0f066a214c2f5e87bad3c948f4d605d) (ScriptedImporter) -> (artifact id: '79866ee10b577dc00f5a017fb0e4c60f') in 0.0070965 seconds
Number of updated asset objects reloaded before import = 0Number of asset objects unloaded after import = 9

========================================================================
Received Import Request.
  Time since last request: 0.000037 seconds.
  path: Assets/CoffeeShopStarterPack/Models/PW_display04.fbx
  artifactKey: Guid(5dc54757a2d9e4639ac7264cf85a6ab0) Importer(2089858483,b0f066a214c2f5e87bad3c948f4d605d)
Start importing Assets/CoffeeShopStarterPack/Models/PW_display04.fbx using Guid(5dc54757a2d9e4639ac7264cf85a6ab0) Importer(2089858483,b0f066a214c2f5e87bad3c948f4d605d) (ScriptedImporter) -> (artifact id: '3b200e089ca9e812df074f124e7b59c4') in 0.0070886 seconds
Number of updated asset objects reloaded before import = 0Number of asset objects unloaded after import = 16

========================================================================
Received Import Request.
  Time since last request: 0.000016 seconds.
  path: Assets/CoffeeShopStarterPack/Prefabs/PW_fridge.prefab
  artifactKey: Guid(05fa88b4fa377418eaac0976b320709e) Importer(2089858483,b0f066a214c2f5e87bad3c948f4d605d)
Start importing Assets/CoffeeShopStarterPack/Prefabs/PW_fridge.prefab using Guid(05fa88b4fa377418eaac0976b320709e) Importer(2089858483,b0f066a214c2f5e87bad3c948f4d605d) (ScriptedImporter) -> (artifact id: '0eaed135f9fcecf261950490b0fa083e') in 0.0029033 seconds
Number of updated asset objects reloaded before import = 0Number of asset objects unloaded after import = 22

========================================================================
Received Import Request.
  Time since last request: 0.000074 seconds.
  path: Assets/CoffeeShopStarterPack/Prefabs/PW_macaron_tower.prefab
  artifactKey: Guid(7afe7aeeef6f6423085b55ce10305c15) Importer(2089858483,b0f066a214c2f5e87bad3c948f4d605d)
Start importing Assets/CoffeeShopStarterPack/Prefabs/PW_macaron_tower.prefab using Guid(7afe7aeeef6f6423085b55ce10305c15) Importer(2089858483,b0f066a214c2f5e87bad3c948f4d605d) (ScriptedImporter) -> (artifact id: 'cc47623e2b92e2ba36eb5d2f296edb55') in 0.005194 seconds
Number of updated asset objects reloaded before import = 0Number of asset objects unloaded after import = 9

========================================================================
Received Import Request.
  Time since last request: 0.000013 seconds.
  path: Assets/CoffeeShopStarterPack/Models/PW_sculent01_M.fbx
  artifactKey: Guid(90c9369496bdb4fd285bc323d418f542) Importer(2089858483,b0f066a214c2f5e87bad3c948f4d605d)
Start importing Assets/CoffeeShopStarterPack/Models/PW_sculent01_M.fbx using Guid(90c9369496bdb4fd285bc323d418f542) Importer(2089858483,b0f066a214c2f5e87bad3c948f4d605d) (ScriptedImporter) -> (artifact id: 'faeb038b8ee194c8e07f98975cac7b85') in 0.0064998 seconds
Number of updated asset objects reloaded before import = 0Number of asset objects unloaded after import = 36

========================================================================
Received Import Request.
  Time since last request: 0.000013 seconds.
  path: Assets/CoffeeShopStarterPack/Prefabs/Gameplay/ProductsWithCover3.prefab
  artifactKey: Guid(363c5a651b2cb4cf68a4c926633940f5) Importer(2089858483,b0f066a214c2f5e87bad3c948f4d605d)
Start importing Assets/CoffeeShopStarterPack/Prefabs/Gameplay/ProductsWithCover3.prefab using Guid(363c5a651b2cb4cf68a4c926633940f5) Importer(2089858483,b0f066a214c2f5e87bad3c948f4d605d) (ScriptedImporter) -> (artifact id: 'ab6e79d3da18a0d061600814d1450937') in 0.0039095 seconds
Number of updated asset objects reloaded before import = 0Number of asset objects unloaded after import = 19

========================================================================
Received Import Request.
  Time since last request: 0.000011 seconds.
  path: Assets/CoffeeShopStarterPack/Models/PW_macaron_tower.fbx
  artifactKey: Guid(6e6c8be41f3d8436f9127c39d1c92ace) Importer(2089858483,b0f066a214c2f5e87bad3c948f4d605d)
Start importing Assets/CoffeeShopStarterPack/Models/PW_macaron_tower.fbx using Guid(6e6c8be41f3d8436f9127c39d1c92ace) Importer(2089858483,b0f066a214c2f5e87bad3c948f4d605d) (ScriptedImporter) -> (artifact id: '45988fe4fce16fa04d202f133349db2b') in 0.006834 seconds
Number of updated asset objects reloaded before import = 0Number of asset objects unloaded after import = 9

========================================================================
Received Import Request.
  Time since last request: 0.000015 seconds.
  path: Assets/CoffeeShopStarterPack/Test/ScreenShots/PW_cheesecake_blueberry.png
  artifactKey: Guid(f9914dbf14a73472d942a44b9bdc134d) Importer(2089858483,b0f066a214c2f5e87bad3c948f4d605d)
Start importing Assets/CoffeeShopStarterPack/Test/ScreenShots/PW_cheesecake_blueberry.png using Guid(f9914dbf14a73472d942a44b9bdc134d) Importer(2089858483,b0f066a214c2f5e87bad3c948f4d605d) (ScriptedImporter) -> (artifact id: 'ea6ee9431dade8767be5c8b9fee98781') in 0.005325 seconds
Number of updated asset objects reloaded before import = 0Number of asset objects unloaded after import = 3

========================================================================
Received Import Request.
  Time since last request: 0.000013 seconds.
  path: Assets/CoffeeShopStarterPack/Scripts/HeatableProduct.cs
  artifactKey: Guid(d56a8ba3ff6d64a7194d3482530d729b) Importer(2089858483,b0f066a214c2f5e87bad3c948f4d605d)
Start importing Assets/CoffeeShopStarterPack/Scripts/HeatableProduct.cs using Guid(d56a8ba3ff6d64a7194d3482530d729b) Importer(2089858483,b0f066a214c2f5e87bad3c948f4d605d) (ScriptedImporter) -> (artifact id: 'f8a160734fb33ac7c25d40eb1013f57a') in 0.0018628 seconds
Number of updated asset objects reloaded before import = 0Number of asset objects unloaded after import = 0

========================================================================
Received Import Request.
  Time since last request: 0.000013 seconds.
  path: Assets/CoffeeShopStarterPack/Prefabs/PW_frenchtoast_egg.prefab
  artifactKey: Guid(d69ebb5455c17482da6677eadea7a231) Importer(2089858483,b0f066a214c2f5e87bad3c948f4d605d)
Start importing Assets/CoffeeShopStarterPack/Prefabs/PW_frenchtoast_egg.prefab using Guid(d69ebb5455c17482da6677eadea7a231) Importer(2089858483,b0f066a214c2f5e87bad3c948f4d605d) (ScriptedImporter) -> (artifact id: 'f545d1b37d8df9ae4625108db6a59cd2') in 0.0031762 seconds
Number of updated asset objects reloaded before import = 0Number of asset objects unloaded after import = 22

========================================================================
Received Import Request.
  Time since last request: 0.000013 seconds.
  path: Assets/CoffeeShopStarterPack/Models/PW_cup02.fbx
  artifactKey: Guid(53050a2a2cbdf45b38e0b675faa6f583) Importer(2089858483,b0f066a214c2f5e87bad3c948f4d605d)
Start importing Assets/CoffeeShopStarterPack/Models/PW_cup02.fbx using Guid(53050a2a2cbdf45b38e0b675faa6f583) Importer(2089858483,b0f066a214c2f5e87bad3c948f4d605d) (ScriptedImporter) -> (artifact id: '56161ac4fbf2e7d86a7abe1392e4bc64') in 0.0059106 seconds
Number of updated asset objects reloaded before import = 0Number of asset objects unloaded after import = 16

========================================================================
Received Import Request.
  Time since last request: 0.000012 seconds.
  path: Assets/CoffeeShopStarterPack/Prefabs/Bewerage
  artifactKey: Guid(2393b3bb831dd43eebbf82a7a9b88ecf) Importer(2089858483,b0f066a214c2f5e87bad3c948f4d605d)
Start importing Assets/CoffeeShopStarterPack/Prefabs/Bewerage using Guid(2393b3bb831dd43eebbf82a7a9b88ecf) Importer(2089858483,b0f066a214c2f5e87bad3c948f4d605d) (ScriptedImporter) -> (artifact id: '5464eef698ff659a16c16fc9c87c3d06') in 0.0019088 seconds
Number of updated asset objects reloaded before import = 0Number of asset objects unloaded after import = 1

========================================================================
Received Import Request.
  Time since last request: 0.000045 seconds.
  path: Assets/CoffeeShopStarterPack/Materials/basic_plant.mat
  artifactKey: Guid(f54232aba16bf4b04ac8377906f459e6) Importer(2089858483,b0f066a214c2f5e87bad3c948f4d605d)
Start importing Assets/CoffeeShopStarterPack/Materials/basic_plant.mat using Guid(f54232aba16bf4b04ac8377906f459e6) Importer(2089858483,b0f066a214c2f5e87bad3c948f4d605d) (ScriptedImporter) -> (artifact id: '35a2f9cc6fa17dad73026ee93b9c9711') in 0.0208823 seconds
Number of updated asset objects reloaded before import = 0Number of asset objects unloaded after import = 2

========================================================================
Received Import Request.
  Time since last request: 2.984205 seconds.
  path: Assets/CoffeeShopStarterPack
  artifactKey: Guid(01b805d58c3d1a64c9c9d65871806f77) Importer(815301076,1909f56bfc062723c751e8b465ee728b)
Start importing Assets/CoffeeShopStarterPack using Guid(01b805d58c3d1a64c9c9d65871806f77) Importer(815301076,1909f56bfc062723c751e8b465ee728b) (PreviewImporter) -> (artifact id: '273e67f0d01a5c620306d4ceb30083be') in 0.0004848 seconds
Number of updated asset objects reloaded before import = 0Number of asset objects unloaded after import = 0

========================================================================
Received Import Request.
  Time since last request: 7.485151 seconds.
  path: Assets/CoffeeShopStarterPack/Scenes
  artifactKey: Guid(b30e2cf3c01784edeb0a083089712b15) Importer(815301076,1909f56bfc062723c751e8b465ee728b)
Start importing Assets/CoffeeShopStarterPack/Scenes using Guid(b30e2cf3c01784edeb0a083089712b15) Importer(815301076,1909f56bfc062723c751e8b465ee728b) (PreviewImporter) -> (artifact id: 'b8a5f63bcc28bb61ecdef349a4bb394e') in 0.000461 seconds
Number of updated asset objects reloaded before import = 0Number of asset objects unloaded after import = 0

========================================================================
Received Import Request.
  Time since last request: 2.704692 seconds.
  path: Assets/CoffeeShopStarterPack/Scenes/DecorativeScene.unity
  artifactKey: Guid(f3e602352418f4efb888071ff0f28f12) Importer(815301076,1909f56bfc062723c751e8b465ee728b)
Start importing Assets/CoffeeShopStarterPack/Scenes/DecorativeScene.unity using Guid(f3e602352418f4efb888071ff0f28f12) Importer(815301076,1909f56bfc062723c751e8b465ee728b) (PreviewImporter) -> (artifact id: '5f068bd6c280b06aad6c2e284c911939') in 0.0005387 seconds
Number of updated asset objects reloaded before import = 0Number of asset objects unloaded after import = 0

========================================================================
Received Import Request.
  Time since last request: 8.254053 seconds.
  path: Assets/CoffeeShopStarterPack/Scenes/DecorativeScene 1.unity
  artifactKey: Guid(15eaef4a7faafd8419b2ed84f2a797f1) Importer(815301076,1909f56bfc062723c751e8b465ee728b)
Start importing Assets/CoffeeShopStarterPack/Scenes/DecorativeScene 1.unity using Guid(15eaef4a7faafd8419b2ed84f2a797f1) Importer(815301076,1909f56bfc062723c751e8b465ee728b) (PreviewImporter) -> (artifact id: 'a7a6b9e58e93de6507ba27578194977b') in 0.0005466 seconds
Number of updated asset objects reloaded before import = 0Number of asset objects unloaded after import = 0

========================================================================
Received Import Request.
  Time since last request: 0.980609 seconds.
  path: Assets/CoffeeShopStarterPack/Scenes/DecorativeScene 1.unity
  artifactKey: Guid(15eaef4a7faafd8419b2ed84f2a797f1) Importer(2089858483,b0f066a214c2f5e87bad3c948f4d605d)
Start importing Assets/CoffeeShopStarterPack/Scenes/DecorativeScene 1.unity using Guid(15eaef4a7faafd8419b2ed84f2a797f1) Importer(2089858483,b0f066a214c2f5e87bad3c948f4d605d) (ScriptedImporter) -> (artifact id: '09456e90519c65479166cc2eb70c7f9d') in 0.0083244 seconds
Number of updated asset objects reloaded before import = 0Number of asset objects unloaded after import = 1

========================================================================
Received Import Request.
  Time since last request: 5.985586 seconds.
  path: Assets
  artifactKey: Guid(00000000000000001000000000000000) Importer(815301076,1909f56bfc062723c751e8b465ee728b)
Start importing Assets using Guid(00000000000000001000000000000000) Importer(815301076,1909f56bfc062723c751e8b465ee728b) (PreviewImporter) -> (artifact id: 'c391582d739b6e62a5220f35cbb167ac') in 0.0003785 seconds
Number of updated asset objects reloaded before import = 0Number of asset objects unloaded after import = 0

========================================================================
Received Import Request.
  Time since last request: 13.170588 seconds.
  path: Assets/_MAIN}
  artifactKey: Guid(1f0281b50a06f414aa6240dd2d126f15) Importer(815301076,1909f56bfc062723c751e8b465ee728b)
Start importing Assets/_MAIN} using Guid(1f0281b50a06f414aa6240dd2d126f15) Importer(815301076,1909f56bfc062723c751e8b465ee728b) (PreviewImporter) -> (artifact id: '26ae7409228038eb00c677238eb88d2a') in 0.0006507 seconds
Number of updated asset objects reloaded before import = 0Number of asset objects unloaded after import = 0

========================================================================
Received Import Request.
  Time since last request: 0.981347 seconds.
  path: Assets/_MAIN}
  artifactKey: Guid(1f0281b50a06f414aa6240dd2d126f15) Importer(2089858483,b0f066a214c2f5e87bad3c948f4d605d)
Start importing Assets/_MAIN} using Guid(1f0281b50a06f414aa6240dd2d126f15) Importer(2089858483,b0f066a214c2f5e87bad3c948f4d605d) (ScriptedImporter) -> (artifact id: '272031c75b2056e726d0148954cbf732') in 0.0043303 seconds
Number of updated asset objects reloaded before import = 0Number of asset objects unloaded after import = 1

========================================================================
Received Import Request.
  Time since last request: 4.839333 seconds.
  path: Assets/_MAIN
  artifactKey: Guid(1f0281b50a06f414aa6240dd2d126f15) Importer(815301076,1909f56bfc062723c751e8b465ee728b)
Start importing Assets/_MAIN using Guid(1f0281b50a06f414aa6240dd2d126f15) Importer(815301076,1909f56bfc062723c751e8b465ee728b) (PreviewImporter) -> (artifact id: '64e49591edc6bdb79ee3169f55d14bcd') in 0.000449 seconds
Number of updated asset objects reloaded before import = 0Number of asset objects unloaded after import = 0

========================================================================
Received Import Request.
  Time since last request: 0.985371 seconds.
  path: Assets/_MAIN
  artifactKey: Guid(1f0281b50a06f414aa6240dd2d126f15) Importer(2089858483,b0f066a214c2f5e87bad3c948f4d605d)
Start importing Assets/_MAIN using Guid(1f0281b50a06f414aa6240dd2d126f15) Importer(2089858483,b0f066a214c2f5e87bad3c948f4d605d) (ScriptedImporter) -> (artifact id: '5372f36cc4d6a691e81960923cfeaf50') in 0.0045268 seconds
Number of updated asset objects reloaded before import = 0Number of asset objects unloaded after import = 1

========================================================================
Received Import Request.
  Time since last request: 10.675751 seconds.
  path: Assets/_MAIN/DecorativeScene 1.unity
  artifactKey: Guid(15eaef4a7faafd8419b2ed84f2a797f1) Importer(2089858483,b0f066a214c2f5e87bad3c948f4d605d)
Start importing Assets/_MAIN/DecorativeScene 1.unity using Guid(15eaef4a7faafd8419b2ed84f2a797f1) Importer(2089858483,b0f066a214c2f5e87bad3c948f4d605d) (ScriptedImporter) -> (artifact id: '600beb8034fd7074246f227c51b982ee') in 0.0171075 seconds
Number of updated asset objects reloaded before import = 0Number of asset objects unloaded after import = 1

========================================================================
Received Import Request.
  Time since last request: 5.875486 seconds.
  path: Assets/_MAIN/DecorativeScene 1/ReflectionProbe-0.exr
  artifactKey: Guid(e6b4636c85082db4a94f65038f05191c) Importer(2089858483,b0f066a214c2f5e87bad3c948f4d605d)
Start importing Assets/_MAIN/DecorativeScene 1/ReflectionProbe-0.exr using Guid(e6b4636c85082db4a94f65038f05191c) Importer(2089858483,b0f066a214c2f5e87bad3c948f4d605d) (ScriptedImporter) -> (artifact id: 'cf5e4ca32f3849341abb895b4d47ce5a') in 0.0150297 seconds
Number of updated asset objects reloaded before import = 0Number of asset objects unloaded after import = 1

========================================================================
Received Prepare
WARNING: Shader Unsupported: 'EnvironmentDepth/URP/OcclusionUnlit' - All subshaders removed
WARNING: Shader Did you use #pragma only_renderers and omit this platform?
WARNING: Shader If subshaders removal was intentional, you may have forgotten turning Fallback off?
WARNING: Shader Unsupported: 'EnvironmentDepth/URP/OcclusionUnlit' - All subshaders removed
WARNING: Shader Did you use #pragma only_renderers and omit this platform?
WARNING: Shader If subshaders removal was intentional, you may have forgotten turning Fallback off?
WARNING: Shader Unsupported: 'URP/UI/Prerendered Opaque' - All subshaders removed
WARNING: Shader Did you use #pragma only_renderers and omit this platform?
WARNING: Shader If subshaders removal was intentional, you may have forgotten turning Fallback off?
WARNING: Shader Unsupported: 'URP/UI/Prerendered Opaque' - All subshaders removed
WARNING: Shader Did you use #pragma only_renderers and omit this platform?
WARNING: Shader If subshaders removal was intentional, you may have forgotten turning Fallback off?
WARNING: Shader Unsupported: 'URP/UI/Prerendered' - All subshaders removed
WARNING: Shader Did you use #pragma only_renderers and omit this platform?
WARNING: Shader If subshaders removal was intentional, you may have forgotten turning Fallback off?
WARNING: Shader Unsupported: 'URP/UI/Prerendered' - All subshaders removed
WARNING: Shader Did you use #pragma only_renderers and omit this platform?
WARNING: Shader If subshaders removal was intentional, you may have forgotten turning Fallback off?
Shader 'Meta/MRUK/Scene/HighlightsAndShadows': fallback shader 'Off' not found
Shader 'Oculus/OVRMRCameraFrameLit': fallback shader 'Alpha-Diffuse' not found
Refreshing native plugins compatible for Editor in 0.00 ms, found 0 plugins.
Preloading 0 native plugins for Editor in 0.00 ms.
Unloading 104 Unused Serialized files (Serialized files now loaded: 0)
Unloading 4401 unused Assets / (21.0 MB). Loaded Objects now: 4895.
Memory consumption went from 128.1 MB to 107.0 MB.
Total: 11.675300 ms (FindLiveObjects: 0.389200 ms CreateObjectMapping: 0.307600 ms MarkObjects: 6.079500 ms  DeleteObjects: 4.897900 ms)

Prepare: number of updated asset objects reloaded= 0
========================================================================
Received Import Request.
  Time since last request: 148.783025 seconds.
  path: Packages/com.meta.xr.sdk.all/package.json
  artifactKey: Guid(bd89a6d111a01df47bbeb09622784016) Importer(815301076,1909f56bfc062723c751e8b465ee728b)
Start importing Packages/com.meta.xr.sdk.all/package.json using Guid(bd89a6d111a01df47bbeb09622784016) Importer(815301076,1909f56bfc062723c751e8b465ee728b) (PreviewImporter) -> (artifact id: '8088f0aba1340fd169e943ea6d9a8ff7') in 0.0119586 seconds
Number of updated asset objects reloaded before import = 0Number of asset objects unloaded after import = 1

========================================================================
Received Import Request.
  Time since last request: 124.855982 seconds.
  path: Packages/com.meta.xr.mrutilitykit
  artifactKey: Guid(ee65abaebf070593e7bb61d9ab07ab57) Importer(815301076,1909f56bfc062723c751e8b465ee728b)
Start importing Packages/com.meta.xr.mrutilitykit using Guid(ee65abaebf070593e7bb61d9ab07ab57) Importer(815301076,1909f56bfc062723c751e8b465ee728b) (PreviewImporter) -> (artifact id: '7682635a1a0f07d36568262d7476c087') in 0.000481 seconds
Number of updated asset objects reloaded before import = 0Number of asset objects unloaded after import = 0

========================================================================
Received Import Request.
  Time since last request: 0.100801 seconds.
  path: Packages/com.meta.xr.mrutilitykit/meta.xr.mrutilitykit.asmdef
  artifactKey: Guid(f5eda1afa2a1241a59c4db6830e1c890) Importer(815301076,1909f56bfc062723c751e8b465ee728b)
Start importing Packages/com.meta.xr.mrutilitykit/meta.xr.mrutilitykit.asmdef using Guid(f5eda1afa2a1241a59c4db6830e1c890) Importer(815301076,1909f56bfc062723c751e8b465ee728b) (PreviewImporter) -> (artifact id: '47fd9d20cc44539d2d986a26194b2dd0') in 0.0011867 seconds
Number of updated asset objects reloaded before import = 0Number of asset objects unloaded after import = 0

========================================================================
Received Import Request.
  Time since last request: 26.265648 seconds.
  path: Assets/_MAIN/DecorativeScene 1.unity
  artifactKey: Guid(15eaef4a7faafd8419b2ed84f2a797f1) Importer(2089858483,b0f066a214c2f5e87bad3c948f4d605d)
Start importing Assets/_MAIN/DecorativeScene 1.unity using Guid(15eaef4a7faafd8419b2ed84f2a797f1) Importer(2089858483,b0f066a214c2f5e87bad3c948f4d605d) (ScriptedImporter) -> (artifact id: '7a0e8279c498da3db8a69a2d5ca8ec15') in 0.0154995 seconds
Number of updated asset objects reloaded before import = 0Number of asset objects unloaded after import = 1

