[Licensing::Module] Trying to connect to existing licensing client channel...
Built from '6000.3/staging' branch; Version is '6000.3.9f1 (7a9955a4f2fa) revision 8034645'; Using compiler version '194234433'; Build Type 'Release'
OS: 'Windows 11  (10.0.22631) ProfessionalEducation' Language: 'en' Physical Memory: 32437 MB
BatchMode: 1, IsHumanControllingUs: 0, StartBugReporterOnCrash: 0, Is64bit: 1
[Licensing::IpcConnector] Successfully connected to: "LicenseClient-b14s209" at "2026-09-23T16:24:36.4067527Z"
System  architecture: x64
Process architecture: x64
Date: 2026-09-23T16:24:36Z

COMMAND LINE ARGUMENTS:
C:\Program Files\Unity\Hub\Editor\6000.3.9f1\Editor\Unity.exe
-adb2
-batchMode
-noUpm
-name
AssetImportWorker1
-projectPath
C:/NATHALIA_REPO/VR_practica
-logFile
Logs/AssetImportWorker1.log
-srvPort
53030
-licensingIpc
LicenseClient-b14s209
-job-worker-count
9
-background-job-worker-count
8
-gc-helper-count
1
-name
AssetImport
Successfully changed project path to: C:/NATHALIA_REPO/VR_practica
C:/NATHALIA_REPO/VR_practica
[UnityMemory] Configuration Parameters - Can be set up in boot.config
    "memorysetup-temp-allocator-size-nav-mesh-worker=65536"
    "memorysetup-temp-allocator-size-audio-worker=65536"
    "memorysetup-temp-allocator-size-gfx=262144"
    "memorysetup-allocator-temp-initial-block-size-main=262144"
    "memorysetup-allocator-temp-initial-block-size-worker=262144"
    "memorysetup-temp-allocator-size-background-worker=32768"
    "memorysetup-temp-allocator-size-job-worker=262144"
    "memorysetup-temp-allocator-size-preload-manager=33554432"
    "memorysetup-temp-allocator-size-gi-baking-worker=262144"
    "memorysetup-temp-allocator-size-gi-baking-worker=262144"
    "memorysetup-temp-allocator-size-gi-baking-worker=262144"
    "memorysetup-temp-allocator-size-gi-baking-worker=262144"
    "memorysetup-temp-allocator-size-gi-baking-worker=262144"
    "memorysetup-bucket-allocator-granularity=16"
    "memorysetup-bucket-allocator-bucket-count=8"
    "memorysetup-bucket-allocator-block-size=33554432"
    "memorysetup-bucket-allocator-block-count=8"
    "memorysetup-main-allocator-block-size=16777216"
    "memorysetup-thread-allocator-block-size=16777216"
    "memorysetup-gfx-main-allocator-block-size=16777216"
    "memorysetup-gfx-thread-allocator-block-size=16777216"
    "memorysetup-cache-allocator-block-size=4194304"
    "memorysetup-typetree-allocator-block-size=2097152"
    "memorysetup-profiler-bucket-allocator-granularity=16"
    "memorysetup-profiler-bucket-allocator-bucket-count=8"
    "memorysetup-profiler-bucket-allocator-block-size=33554432"
    "memorysetup-profiler-bucket-allocator-block-count=8"
    "memorysetup-profiler-allocator-block-size=16777216"
    "memorysetup-profiler-editor-allocator-block-size=1048576"
    "memorysetup-temp-allocator-size-main=16777216"
    "memorysetup-job-temp-allocator-block-size=2097152"
    "memorysetup-job-temp-allocator-block-size-background=1048576"
    "memorysetup-job-temp-allocator-reduction-small-platforms=262144"
    "memorysetup-temp-allocator-size-cloud-worker=32768"
Player connection [7348]  Target information:

Player connection [7348]  * "[IP] 10.4.14.139 [Port] 0 [Flags] 2 [Guid] 1339319258 [EditorId] 1339319258 [Version] 1048832 [Id] WindowsEditor(7,b14_209_11) [Debug] 1 [PackageName] WindowsEditor [ProjectName] Editor" 

Player connection [7348]  * "[IP] 192.168.56.1 [Port] 0 [Flags] 2 [Guid] 1339319258 [EditorId] 1339319258 [Version] 1048832 [Id] WindowsEditor(7,b14_209_11) [Debug] 1 [PackageName] WindowsEditor [ProjectName] Editor" 

Player connection [7348] Host joined multi-casting on [225.0.0.222:54997]...
Player connection [7348] Host joined alternative multi-casting on [225.0.0.222:34997]...
JobSystem: Creating JobQueue using job-worker-count value 9
Input System module state changed to: Initialized.
[Physics::Module] Initialized fallback backend.
[Physics::Module] Id: 0xdecafbad
Library Redirect Path: Library/
[Physics::Module] Selected backend.
[Physics::Module] Name: PhysX
[Physics::Module] Id: 0xf2b8ea05
[Physics::Module] SDK Version: 4.1.2
[Physics::Module] Integration Version: 1.0.0
[Physics::Module] Threading Mode: Multi-Threaded
Refreshing native plugins compatible for Editor in 0.00 ms, found 0 plugins.
Preloading 0 native plugins for Editor in 0.00 ms.
Initialize engine version: 6000.3.9f1 (7a9955a4f2fa)
[Subsystems] Discovering subsystems at path C:/Program Files/Unity/Hub/Editor/6000.3.9f1/Editor/Data/Resources/UnitySubsystems
[Subsystems] Discovering subsystems at path C:/NATHALIA_REPO/VR_practica/Assets
GfxDevice: creating device client; kGfxThreadingModeNonThreaded
Direct3D:
    Version:  Direct3D 11.0 [level 11.1]
    Renderer: NVIDIA GeForce RTX 3060 (ID=0x2504)
    Vendor:   NVIDIA
    VRAM:     12115 MB
    Driver:   32.0.15.6109
Initialize mono
Mono path[0] = 'C:/Program Files/Unity/Hub/Editor/6000.3.9f1/Editor/Data/Managed'
Mono path[1] = 'C:/Program Files/Unity/Hub/Editor/6000.3.9f1/Editor/Data/MonoBleedingEdge/lib/mono/unityjit-win32'
Mono config path = 'C:/Program Files/Unity/Hub/Editor/6000.3.9f1/Editor/Data/MonoBleedingEdge/etc'
Using monoOptions --debugger-agent=transport=dt_socket,embedding=1,server=y,suspend=n,address=127.0.0.1:56736
Begin MonoManager ReloadAssembly
[Licensing::Client] Handshaking with LicensingClient:
  Version:                 1.17.4+4293ba1
  Session Id:              08d74b350dba4bedabf7d0f95c6b97b7
  Correlation Id:          8b9e06881d3bdc480770bca38def0242
  External correlation Id: 7098777291319097484
  Machine Id:              7tnApIUFll2TvONH8tcJJ2KrzGY=
[Licensing::Module] Successfully connected to LicensingClient on channel: "LicenseClient-b14s209" (connect: 0.00s, validation: 0.01s, handshake: 0.69s)
[Licensing::IpcConnector] Successfully connected to: "LicenseClient-b14s209-notifications" at "2026-09-23T16:24:37.1052701Z"
[Licensing::Module] Licensing Background thread has ended after 0.70s
Registering precompiled unity dll's ...
Register platform support module: C:/Program Files/Unity/Hub/Editor/6000.3.9f1/Editor/Data/PlaybackEngines/WebGLSupport/UnityEditor.WebGL.Extensions.dll
Register platform support module: C:/Program Files/Unity/Hub/Editor/6000.3.9f1/Editor/Data/PlaybackEngines/WindowsStandaloneSupport/UnityEditor.WindowsStandalone.Extensions.dll
[Licensing::Client] Successfully resolved entitlement details
[Licensing::Module] License group:
  Id: 4674066413013-UnityPersXXXX
  Product: Unity Personal
  Type: Assigned
  Expiration: Unlimited
Register platform support module: C:/Program Files/Unity/Hub/Editor/6000.3.9f1/Editor/Data/PlaybackEngines/AndroidPlayer/UnityEditor.Android.Extensions.dll
Registered in 0.006886 seconds.
- Loaded All Assemblies, in  0.358 seconds
Native extension for Android target not found
Android Extension - Scanning For ADB Devices 275 ms
Native extension for WindowsStandalone target not found
Native extension for WebGL target not found
ScheduleIndexationOnStartup MainProcess:False IndexOnStartup:True
Mono: successfully reloaded assembly
- Finished resetting the current domain, in  0.665 seconds
Domain Reload Profiling: 1021ms
	BeginReloadAssembly (129ms)
		ExecutionOrderSort (0ms)
		DisableScriptedObjects (0ms)
		BackupInstance (0ms)
		ReleaseScriptingObjects (0ms)
		CreateAndSetChildDomain (1ms)
	RebuildCommonClasses (27ms)
	RebuildNativeTypeToScriptingClass (10ms)
	initialDomainReloadingComplete (43ms)
	LoadAllAssembliesAndSetupDomain (146ms)
		LoadAssemblies (128ms)
		RebuildTransferFunctionScriptingTraits (0ms)
		AnalyzeDomain (142ms)
			TypeCache.Refresh (141ms)
				TypeCache.ScanAssembly (130ms)
			BuildScriptInfoCaches (0ms)
			ResolveRequiredComponents (1ms)
	FinalizeReload (665ms)
		ReleaseScriptCaches (0ms)
		RebuildScriptCaches (0ms)
		SetupLoadedEditorAssemblies (634ms)
			LogAssemblyErrors (0ms)
			InitializePlatformSupportModulesInManaged (351ms)
			SetLoadedEditorAssemblies (4ms)
			BeforeProcessingInitializeOnLoad (84ms)
			ProcessInitializeOnLoadAttributes (134ms)
			ProcessInitializeOnLoadMethodAttributes (61ms)
			AfterProcessingInitializeOnLoad (0ms)
			EditorAssembliesLoaded (0ms)
		ExecutionOrderSort2 (0ms)
		AwakeInstancesAfterBackupRestoration (0ms)
========================================================================
Worker process is ready to serve import requests
Import Worker Mode flag is 0x00
Begin MonoManager ReloadAssembly
[Licensing::Client] Successfully resolved entitlement details
- Loaded All Assemblies, in  0.266 seconds
Refreshing native plugins compatible for Editor in 0.00 ms, found 0 plugins.
Native extension for Android target not found
Native extension for WindowsStandalone target not found
Native extension for WebGL target not found
ScheduleIndexationOnStartup MainProcess:False IndexOnStartup:True
Mono: successfully reloaded assembly
- Finished resetting the current domain, in  0.327 seconds
Domain Reload Profiling: 591ms
	BeginReloadAssembly (167ms)
		ExecutionOrderSort (0ms)
		DisableScriptedObjects (4ms)
		BackupInstance (0ms)
		ReleaseScriptingObjects (0ms)
		CreateAndSetChildDomain (30ms)
	RebuildCommonClasses (42ms)
	RebuildNativeTypeToScriptingClass (14ms)
	initialDomainReloadingComplete (21ms)
	LoadAllAssembliesAndSetupDomain (19ms)
		LoadAssemblies (84ms)
		RebuildTransferFunctionScriptingTraits (0ms)
		AnalyzeDomain (15ms)
			TypeCache.Refresh (12ms)
				TypeCache.ScanAssembly (6ms)
			BuildScriptInfoCaches (1ms)
			ResolveRequiredComponents (0ms)
	FinalizeReload (328ms)
		ReleaseScriptCaches (0ms)
		RebuildScriptCaches (0ms)
		SetupLoadedEditorAssemblies (241ms)
			LogAssemblyErrors (0ms)
			InitializePlatformSupportModulesInManaged (9ms)
			SetLoadedEditorAssemblies (3ms)
			BeforeProcessingInitializeOnLoad (86ms)
			ProcessInitializeOnLoadAttributes (110ms)
			ProcessInitializeOnLoadMethodAttributes (29ms)
			AfterProcessingInitializeOnLoad (3ms)
			EditorAssembliesLoaded (0ms)
		ExecutionOrderSort2 (0ms)
		AwakeInstancesAfterBackupRestoration (5ms)
Launched and connected shader compiler UnityShaderCompiler.exe after 0.02 seconds
Refreshing native plugins compatible for Editor in 0.00 ms, found 0 plugins.
Preloading 0 native plugins for Editor in 0.00 ms.
Unloading 0 Unused Serialized files (Serialized files now loaded: 0)
Unloading 96 unused Assets / (30.5 KB). Loaded Objects now: 689.
Memory consumption went from 64.4 MB to 64.4 MB.
Total: 4.939700 ms (FindLiveObjects: 0.038400 ms CreateObjectMapping: 0.008300 ms MarkObjects: 4.814500 ms  DeleteObjects: 0.077100 ms)

========================================================================
Received Import Request.
  Time since last request: 452043.847895 seconds.
  path: Assets/CoffeeShopStarterPack/Models/PW_cupcake_redvelvet.fbx
  artifactKey: Guid(765692888465b48fface3b65045b34ea) Importer(2089858483,b0f066a214c2f5e87bad3c948f4d605d)
Start importing Assets/CoffeeShopStarterPack/Models/PW_cupcake_redvelvet.fbx using Guid(765692888465b48fface3b65045b34ea) Importer(2089858483,b0f066a214c2f5e87bad3c948f4d605d) (ScriptedImporter) -> (artifact id: 'ea573dc936bfad40916e8250062e2dfe') in 0.1150662 seconds
Number of updated asset objects reloaded before import = 0Number of asset objects unloaded after import = 9

========================================================================
Received Import Request.
  Time since last request: 0.000013 seconds.
  path: Assets/CoffeeShopStarterPack/Models/PW_cupcake_oreo.fbx
  artifactKey: Guid(3c1b6649db1be4bd2bf453b42c1a35ed) Importer(2089858483,b0f066a214c2f5e87bad3c948f4d605d)
Start importing Assets/CoffeeShopStarterPack/Models/PW_cupcake_oreo.fbx using Guid(3c1b6649db1be4bd2bf453b42c1a35ed) Importer(2089858483,b0f066a214c2f5e87bad3c948f4d605d) (ScriptedImporter) -> (artifact id: '9d36ddf61a2b736e95354546e2e10940') in 0.007301 seconds
Number of updated asset objects reloaded before import = 0Number of asset objects unloaded after import = 9

========================================================================
Received Import Request.
  Time since last request: 0.000015 seconds.
  path: Assets/CoffeeShopStarterPack/Manual.pdf
  artifactKey: Guid(cbf9cb7fff14d45db91136934681ef0b) Importer(2089858483,b0f066a214c2f5e87bad3c948f4d605d)
Start importing Assets/CoffeeShopStarterPack/Manual.pdf using Guid(cbf9cb7fff14d45db91136934681ef0b) Importer(2089858483,b0f066a214c2f5e87bad3c948f4d605d) (ScriptedImporter) -> (artifact id: 'ffa4eb8f9ff860aebceb7252fed68191') in 0.0030546 seconds
Number of updated asset objects reloaded before import = 0Number of asset objects unloaded after import = 1

========================================================================
Received Import Request.
  Time since last request: 0.000079 seconds.
  path: Assets/CoffeeShopStarterPack/Prefabs/Gameplay/ProductWithCover2.prefab
  artifactKey: Guid(76cd75a9350bc4e99828d9e48aa31ffd) Importer(2089858483,b0f066a214c2f5e87bad3c948f4d605d)
Start importing Assets/CoffeeShopStarterPack/Prefabs/Gameplay/ProductWithCover2.prefab using Guid(76cd75a9350bc4e99828d9e48aa31ffd) Importer(2089858483,b0f066a214c2f5e87bad3c948f4d605d) (ScriptedImporter) -> (artifact id: '412f2c54f906da9bd721a0cb9a8e1b2c') in 0.0107165 seconds
Number of updated asset objects reloaded before import = 0Number of asset objects unloaded after import = 56

========================================================================
Received Import Request.
  Time since last request: 0.000017 seconds.
  path: Assets/CoffeeShopStarterPack/Scenes/InteractableObjects.unity
  artifactKey: Guid(7f488add6216047ba9cedbecc145fac2) Importer(2089858483,b0f066a214c2f5e87bad3c948f4d605d)
Start importing Assets/CoffeeShopStarterPack/Scenes/InteractableObjects.unity using Guid(7f488add6216047ba9cedbecc145fac2) Importer(2089858483,b0f066a214c2f5e87bad3c948f4d605d) (ScriptedImporter) -> (artifact id: '9c29fcba47c0301089501e02dbf939a2') in 0.0039082 seconds
Number of updated asset objects reloaded before import = 0Number of asset objects unloaded after import = 1

========================================================================
Received Import Request.
  Time since last request: 0.000042 seconds.
  path: Assets/CoffeeShopStarterPack/Prefabs/PW_espressomachine.prefab
  artifactKey: Guid(a0634ab2a98bd4b78af017c116badda5) Importer(2089858483,b0f066a214c2f5e87bad3c948f4d605d)
Start importing Assets/CoffeeShopStarterPack/Prefabs/PW_espressomachine.prefab using Guid(a0634ab2a98bd4b78af017c116badda5) Importer(2089858483,b0f066a214c2f5e87bad3c948f4d605d) (ScriptedImporter) -> (artifact id: '00f71ecd121a89d556288c78d6e7317f') in 0.0033439 seconds
Number of updated asset objects reloaded before import = 0Number of asset objects unloaded after import = 16

========================================================================
Received Import Request.
  Time since last request: 0.000013 seconds.
  path: Assets/CoffeeShopStarterPack/Prefabs/Gameplay/Products/PW_orangejuice_type2.prefab
  artifactKey: Guid(6c1d3adc7bce3495290af7254342cc38) Importer(2089858483,b0f066a214c2f5e87bad3c948f4d605d)
Start importing Assets/CoffeeShopStarterPack/Prefabs/Gameplay/Products/PW_orangejuice_type2.prefab using Guid(6c1d3adc7bce3495290af7254342cc38) Importer(2089858483,b0f066a214c2f5e87bad3c948f4d605d) (ScriptedImporter) -> (artifact id: 'b66f59586f3b29018b7bb1e9378eb30d') in 0.0033091 seconds
Number of updated asset objects reloaded before import = 0Number of asset objects unloaded after import = 25

========================================================================
Received Import Request.
  Time since last request: 0.000014 seconds.
  path: Assets/CoffeeShopStarterPack/Prefabs/Gameplay/Products/PW_doughnut_blackNwhite_type3.prefab
  artifactKey: Guid(ce19ec841ab594abd816f92d81da93ab) Importer(2089858483,b0f066a214c2f5e87bad3c948f4d605d)
Start importing Assets/CoffeeShopStarterPack/Prefabs/Gameplay/Products/PW_doughnut_blackNwhite_type3.prefab using Guid(ce19ec841ab594abd816f92d81da93ab) Importer(2089858483,b0f066a214c2f5e87bad3c948f4d605d) (ScriptedImporter) -> (artifact id: 'f8efa78544960e34e3b30fbb6858558a') in 0.0062351 seconds
Number of updated asset objects reloaded before import = 0Number of asset objects unloaded after import = 10

========================================================================
Received Import Request.
  Time since last request: 0.000014 seconds.
  path: Assets/CoffeeShopStarterPack/Models/PW_macaronbox.fbx
  artifactKey: Guid(55a67f111b1a44ab1af5b998dfe73716) Importer(2089858483,b0f066a214c2f5e87bad3c948f4d605d)
Start importing Assets/CoffeeShopStarterPack/Models/PW_macaronbox.fbx using Guid(55a67f111b1a44ab1af5b998dfe73716) Importer(2089858483,b0f066a214c2f5e87bad3c948f4d605d) (ScriptedImporter) -> (artifact id: '15eb7a22d04dfd6573e768944ef2edfb') in 0.0077291 seconds
Number of updated asset objects reloaded before import = 0Number of asset objects unloaded after import = 9

========================================================================
Received Import Request.
  Time since last request: 0.000014 seconds.
  path: Assets/CoffeeShopStarterPack/Prefabs/Gameplay/Products/PW_tea_cup01_type2.prefab
  artifactKey: Guid(b224ea97cbe5d4ed9a46c4ef3a2064a1) Importer(2089858483,b0f066a214c2f5e87bad3c948f4d605d)
Start importing Assets/CoffeeShopStarterPack/Prefabs/Gameplay/Products/PW_tea_cup01_type2.prefab using Guid(b224ea97cbe5d4ed9a46c4ef3a2064a1) Importer(2089858483,b0f066a214c2f5e87bad3c948f4d605d) (ScriptedImporter) -> (artifact id: '89afbb43b29e040850690000e6e7914d') in 0.0043217 seconds
Number of updated asset objects reloaded before import = 0Number of asset objects unloaded after import = 25

========================================================================
Received Import Request.
  Time since last request: 0.000017 seconds.
  path: Assets/CoffeeShopStarterPack/Prefabs/PW_display_cube.prefab
  artifactKey: Guid(5090b9010d8ca4476a4f9b1315906d61) Importer(2089858483,b0f066a214c2f5e87bad3c948f4d605d)
Start importing Assets/CoffeeShopStarterPack/Prefabs/PW_display_cube.prefab using Guid(5090b9010d8ca4476a4f9b1315906d61) Importer(2089858483,b0f066a214c2f5e87bad3c948f4d605d) (ScriptedImporter) -> (artifact id: 'a000425bce9dc39a60f0582dfe81d8c6') in 0.0031594 seconds
Number of updated asset objects reloaded before import = 0Number of asset objects unloaded after import = 16

========================================================================
Received Import Request.
  Time since last request: 0.000014 seconds.
  path: Assets/CoffeeShopStarterPack/Scripts/Editor
  artifactKey: Guid(60ce4f03674fc479a8aa6a48665b7923) Importer(2089858483,b0f066a214c2f5e87bad3c948f4d605d)
Start importing Assets/CoffeeShopStarterPack/Scripts/Editor using Guid(60ce4f03674fc479a8aa6a48665b7923) Importer(2089858483,b0f066a214c2f5e87bad3c948f4d605d) (ScriptedImporter) -> (artifact id: '8f6c3b7bb0754518fbc2bb7cb138d4a6') in 0.0019166 seconds
Number of updated asset objects reloaded before import = 0Number of asset objects unloaded after import = 1

========================================================================
Received Import Request.
  Time since last request: 0.000014 seconds.
  path: Assets/CoffeeShopStarterPack/Test/ScreenShots/PW_cheesecake_lime.png
  artifactKey: Guid(320951538c7e64623a6f7ee09c432348) Importer(2089858483,b0f066a214c2f5e87bad3c948f4d605d)
Start importing Assets/CoffeeShopStarterPack/Test/ScreenShots/PW_cheesecake_lime.png using Guid(320951538c7e64623a6f7ee09c432348) Importer(2089858483,b0f066a214c2f5e87bad3c948f4d605d) (ScriptedImporter) -> (artifact id: 'ce7c95b581fc383b212a113942b9e559') in 0.0307409 seconds
Number of updated asset objects reloaded before import = 0Number of asset objects unloaded after import = 3

========================================================================
Received Import Request.
  Time since last request: 0.000014 seconds.
  path: Assets/CoffeeShopStarterPack/Models/PW_fridge.fbx
  artifactKey: Guid(0957c44b78442450698ef9b9265ad869) Importer(2089858483,b0f066a214c2f5e87bad3c948f4d605d)
Start importing Assets/CoffeeShopStarterPack/Models/PW_fridge.fbx using Guid(0957c44b78442450698ef9b9265ad869) Importer(2089858483,b0f066a214c2f5e87bad3c948f4d605d) (ScriptedImporter) -> (artifact id: 'f567ec2817a3f491ddff896d510ec00c') in 0.0057227 seconds
Number of updated asset objects reloaded before import = 0Number of asset objects unloaded after import = 22

========================================================================
Received Import Request.
  Time since last request: 0.000013 seconds.
  path: Assets/CoffeeShopStarterPack/Models/PW_frenchtoast_strawberry.fbx
  artifactKey: Guid(222ac09728f3b4b108ffe02260b42485) Importer(2089858483,b0f066a214c2f5e87bad3c948f4d605d)
Start importing Assets/CoffeeShopStarterPack/Models/PW_frenchtoast_strawberry.fbx using Guid(222ac09728f3b4b108ffe02260b42485) Importer(2089858483,b0f066a214c2f5e87bad3c948f4d605d) (ScriptedImporter) -> (artifact id: '057fd6041ed94fecdaa965e7b7b8dab3') in 0.0072115 seconds
Number of updated asset objects reloaded before import = 0Number of asset objects unloaded after import = 28

========================================================================
Received Import Request.
  Time since last request: 0.000016 seconds.
  path: Assets/CoffeeShopStarterPack/Animations/Dummy_Target.controller
  artifactKey: Guid(63f8d56ffdc9a40638b4985261fd4697) Importer(2089858483,b0f066a214c2f5e87bad3c948f4d605d)
Start importing Assets/CoffeeShopStarterPack/Animations/Dummy_Target.controller using Guid(63f8d56ffdc9a40638b4985261fd4697) Importer(2089858483,b0f066a214c2f5e87bad3c948f4d605d) (ScriptedImporter) -> (artifact id: '97676999cf0dbbdff85dbbc5d0293ac9') in 0.0043377 seconds
Number of updated asset objects reloaded before import = 0Number of asset objects unloaded after import = 14

========================================================================
Received Import Request.
  Time since last request: 0.000021 seconds.
  path: Assets/CoffeeShopStarterPack/Test/ScreenShots/PW_fridge.png
  artifactKey: Guid(6c2f315b7b3fc412e9ac7508bb376ad3) Importer(2089858483,b0f066a214c2f5e87bad3c948f4d605d)
Start importing Assets/CoffeeShopStarterPack/Test/ScreenShots/PW_fridge.png using Guid(6c2f315b7b3fc412e9ac7508bb376ad3) Importer(2089858483,b0f066a214c2f5e87bad3c948f4d605d) (ScriptedImporter) -> (artifact id: '4435777ea67234ca6bbf719aa0773be1') in 0.0050155 seconds
Number of updated asset objects reloaded before import = 0Number of asset objects unloaded after import = 3

========================================================================
Received Import Request.
  Time since last request: 0.000045 seconds.
  path: Assets/CoffeeShopStarterPack/Test/ScreenShots/PW_sculent01_M.png
  artifactKey: Guid(876c49f6d276f44beb2c7dbe1eb5db28) Importer(2089858483,b0f066a214c2f5e87bad3c948f4d605d)
Start importing Assets/CoffeeShopStarterPack/Test/ScreenShots/PW_sculent01_M.png using Guid(876c49f6d276f44beb2c7dbe1eb5db28) Importer(2089858483,b0f066a214c2f5e87bad3c948f4d605d) (ScriptedImporter) -> (artifact id: '6df9e9cedd1a41e966e77f5b46927bc5') in 0.0061805 seconds
Number of updated asset objects reloaded before import = 0Number of asset objects unloaded after import = 3

========================================================================
Received Import Request.
  Time since last request: 0.000016 seconds.
  path: Assets/CoffeeShopStarterPack/Test/ScreenShots/PW_mochapot.png
  artifactKey: Guid(fb8c3486afdb7436c91ccd145a9a812d) Importer(2089858483,b0f066a214c2f5e87bad3c948f4d605d)
Start importing Assets/CoffeeShopStarterPack/Test/ScreenShots/PW_mochapot.png using Guid(fb8c3486afdb7436c91ccd145a9a812d) Importer(2089858483,b0f066a214c2f5e87bad3c948f4d605d) (ScriptedImporter) -> (artifact id: '24a2bdb7149e70c652c1707fd3d8900b') in 0.0059848 seconds
Number of updated asset objects reloaded before import = 0Number of asset objects unloaded after import = 3

========================================================================
Received Import Request.
  Time since last request: 0.256392 seconds.
  path: Assets/CoffeeShopStarterPack/Prefabs/Gameplay/Products/PW_cheesecake_lime_type3.prefab
  artifactKey: Guid(d6774e9828148463190353edb326e21e) Importer(2089858483,b0f066a214c2f5e87bad3c948f4d605d)
Start importing Assets/CoffeeShopStarterPack/Prefabs/Gameplay/Products/PW_cheesecake_lime_type3.prefab using Guid(d6774e9828148463190353edb326e21e) Importer(2089858483,b0f066a214c2f5e87bad3c948f4d605d) (ScriptedImporter) -> (artifact id: 'f77f50b80c646c226c22fe0d17a1ae9e') in 0.0112478 seconds
Number of updated asset objects reloaded before import = 0Number of asset objects unloaded after import = 10

========================================================================
Received Import Request.
  Time since last request: 0.000012 seconds.
  path: Assets/CoffeeShopStarterPack/Test/ScreenShots/PW_display03.png
  artifactKey: Guid(64da2163108a8479ba695c629132da1e) Importer(2089858483,b0f066a214c2f5e87bad3c948f4d605d)
Start importing Assets/CoffeeShopStarterPack/Test/ScreenShots/PW_display03.png using Guid(64da2163108a8479ba695c629132da1e) Importer(2089858483,b0f066a214c2f5e87bad3c948f4d605d) (ScriptedImporter) -> (artifact id: 'a4a70ee601dee0ca9ecea89fc170cebb') in 0.009649 seconds
Number of updated asset objects reloaded before import = 0Number of asset objects unloaded after import = 3

========================================================================
Received Import Request.
  Time since last request: 0.000015 seconds.
  path: Assets/CoffeeShopStarterPack/Prefabs/Gameplay/Products/PW_frenchtoast_olives_type0.prefab
  artifactKey: Guid(830391d30cfc24e6c8e5fac1b6d47649) Importer(2089858483,b0f066a214c2f5e87bad3c948f4d605d)
Start importing Assets/CoffeeShopStarterPack/Prefabs/Gameplay/Products/PW_frenchtoast_olives_type0.prefab using Guid(830391d30cfc24e6c8e5fac1b6d47649) Importer(2089858483,b0f066a214c2f5e87bad3c948f4d605d) (ScriptedImporter) -> (artifact id: '584fe4145fcc035c55bbec0d79cf97d4') in 0.005329 seconds
Number of updated asset objects reloaded before import = 0Number of asset objects unloaded after import = 30

========================================================================
Received Import Request.
  Time since last request: 0.000015 seconds.
  path: Assets/CoffeeShopStarterPack/Models/PW_cupboard_corner.fbx
  artifactKey: Guid(113cae18886c34685bb2e705d0a1d64a) Importer(2089858483,b0f066a214c2f5e87bad3c948f4d605d)
Start importing Assets/CoffeeShopStarterPack/Models/PW_cupboard_corner.fbx using Guid(113cae18886c34685bb2e705d0a1d64a) Importer(2089858483,b0f066a214c2f5e87bad3c948f4d605d) (ScriptedImporter) -> (artifact id: '22385fc731b3c6d2c28b7c0fbc8e2933') in 0.0078836 seconds
Number of updated asset objects reloaded before import = 0Number of asset objects unloaded after import = 9

========================================================================
Received Import Request.
  Time since last request: 0.000014 seconds.
  path: Assets/CoffeeShopStarterPack/Prefabs/PW_cupcake_cherry.prefab
  artifactKey: Guid(75221d19731aa453d81714a24451c72a) Importer(2089858483,b0f066a214c2f5e87bad3c948f4d605d)
Start importing Assets/CoffeeShopStarterPack/Prefabs/PW_cupcake_cherry.prefab using Guid(75221d19731aa453d81714a24451c72a) Importer(2089858483,b0f066a214c2f5e87bad3c948f4d605d) (ScriptedImporter) -> (artifact id: 'bbc28ed309c7303bc78953f786525fbb') in 0.0059459 seconds
Number of updated asset objects reloaded before import = 0Number of asset objects unloaded after import = 9

========================================================================
Received Import Request.
  Time since last request: 0.000019 seconds.
  path: Assets/CoffeeShopStarterPack/Test/ScreenShots/PW_frenchtoast_olives.png
  artifactKey: Guid(763621fca9c634c4b9c4780023673743) Importer(2089858483,b0f066a214c2f5e87bad3c948f4d605d)
Start importing Assets/CoffeeShopStarterPack/Test/ScreenShots/PW_frenchtoast_olives.png using Guid(763621fca9c634c4b9c4780023673743) Importer(2089858483,b0f066a214c2f5e87bad3c948f4d605d) (ScriptedImporter) -> (artifact id: '6a1fa1254e045832f5bfc9d39c9a7a89') in 0.0061746 seconds
Number of updated asset objects reloaded before import = 0Number of asset objects unloaded after import = 3

========================================================================
Received Import Request.
  Time since last request: 0.000015 seconds.
  path: Assets/CoffeeShopStarterPack/Scripts/PanGameObject.cs
  artifactKey: Guid(0cdd6b24df5f54f9eac81f2cb23ef59c) Importer(2089858483,b0f066a214c2f5e87bad3c948f4d605d)
Start importing Assets/CoffeeShopStarterPack/Scripts/PanGameObject.cs using Guid(0cdd6b24df5f54f9eac81f2cb23ef59c) Importer(2089858483,b0f066a214c2f5e87bad3c948f4d605d) (ScriptedImporter) -> (artifact id: '266616d68f7b33a194c10146399a2e55') in 0.0033034 seconds
Number of updated asset objects reloaded before import = 0Number of asset objects unloaded after import = 0

========================================================================
Received Import Request.
  Time since last request: 0.000054 seconds.
  path: Assets/CoffeeShopStarterPack/Materials/coffee_particle.mat
  artifactKey: Guid(c1bb14943d45a455a89a21f987e875f5) Importer(2089858483,b0f066a214c2f5e87bad3c948f4d605d)
Start importing Assets/CoffeeShopStarterPack/Materials/coffee_particle.mat using Guid(c1bb14943d45a455a89a21f987e875f5) Importer(2089858483,b0f066a214c2f5e87bad3c948f4d605d) (ScriptedImporter) -> (artifact id: 'e219e7ad00345b73a898d5276545c38b') in 0.0487095 seconds
Number of updated asset objects reloaded before import = 0Number of asset objects unloaded after import = 2

========================================================================
Received Import Request.
  Time since last request: 0.000016 seconds.
  path: Assets/CoffeeShopStarterPack/Prefabs/PW_cupboard_narrow.prefab
  artifactKey: Guid(b8c3087888fc448acb63e643fea215d3) Importer(2089858483,b0f066a214c2f5e87bad3c948f4d605d)
Start importing Assets/CoffeeShopStarterPack/Prefabs/PW_cupboard_narrow.prefab using Guid(b8c3087888fc448acb63e643fea215d3) Importer(2089858483,b0f066a214c2f5e87bad3c948f4d605d) (ScriptedImporter) -> (artifact id: '31aa0a7f9f5b349cc4b59474910e90e0') in 0.0030661 seconds
Number of updated asset objects reloaded before import = 0Number of asset objects unloaded after import = 22

========================================================================
Received Import Request.
  Time since last request: 0.000018 seconds.
  path: Assets/CoffeeShopStarterPack/Prefabs/Gameplay/Products/PW_cupcake_cherry_type3.prefab
  artifactKey: Guid(79c95db2ec313460ba7dc08a124d28b4) Importer(2089858483,b0f066a214c2f5e87bad3c948f4d605d)
Start importing Assets/CoffeeShopStarterPack/Prefabs/Gameplay/Products/PW_cupcake_cherry_type3.prefab using Guid(79c95db2ec313460ba7dc08a124d28b4) Importer(2089858483,b0f066a214c2f5e87bad3c948f4d605d) (ScriptedImporter) -> (artifact id: 'ece7594a813a625305706af64ec829c4') in 0.0050127 seconds
Number of updated asset objects reloaded before import = 0Number of asset objects unloaded after import = 10

========================================================================
Received Import Request.
  Time since last request: 0.000013 seconds.
  path: Assets/CoffeeShopStarterPack/Prefabs/PW_stove.prefab
  artifactKey: Guid(2bb858b872f0f4fb89e1d1263c276480) Importer(2089858483,b0f066a214c2f5e87bad3c948f4d605d)
Start importing Assets/CoffeeShopStarterPack/Prefabs/PW_stove.prefab using Guid(2bb858b872f0f4fb89e1d1263c276480) Importer(2089858483,b0f066a214c2f5e87bad3c948f4d605d) (ScriptedImporter) -> (artifact id: '4d3a97da86bcc9e6e10863e7e80396a6') in 0.0039851 seconds
Number of updated asset objects reloaded before import = 0Number of asset objects unloaded after import = 40

========================================================================
Received Import Request.
  Time since last request: 0.000015 seconds.
  path: Assets/CoffeeShopStarterPack/Prefabs/Bewerage/espresso_particle.prefab
  artifactKey: Guid(13cce437e2d154c5e906b580b5f9671f) Importer(2089858483,b0f066a214c2f5e87bad3c948f4d605d)
Start importing Assets/CoffeeShopStarterPack/Prefabs/Bewerage/espresso_particle.prefab using Guid(13cce437e2d154c5e906b580b5f9671f) Importer(2089858483,b0f066a214c2f5e87bad3c948f4d605d) (ScriptedImporter) -> (artifact id: '1a7894d38349f1501c6200319f5ad1b8') in 0.0445609 seconds
Number of updated asset objects reloaded before import = 0Number of asset objects unloaded after import = 6

========================================================================
Received Import Request.
  Time since last request: 0.341287 seconds.
  path: Assets/CoffeeShopStarterPack/Prefabs/Gameplay/Products/PW_cheesecake_blueberry_type3.prefab
  artifactKey: Guid(c0bfafad003f6402585f220c789a5c2f) Importer(2089858483,b0f066a214c2f5e87bad3c948f4d605d)
Start importing Assets/CoffeeShopStarterPack/Prefabs/Gameplay/Products/PW_cheesecake_blueberry_type3.prefab using Guid(c0bfafad003f6402585f220c789a5c2f) Importer(2089858483,b0f066a214c2f5e87bad3c948f4d605d) (ScriptedImporter) -> (artifact id: '2fc017e4419ca8b1cc5a46a01f481fdc') in 0.0086093 seconds
Number of updated asset objects reloaded before import = 0Number of asset objects unloaded after import = 10

========================================================================
Received Import Request.
  Time since last request: 0.000018 seconds.
  path: Assets/CoffeeShopStarterPack/Prefabs/UI
  artifactKey: Guid(9299969f9b5d3429fbe5b80f025fb41b) Importer(2089858483,b0f066a214c2f5e87bad3c948f4d605d)
Start importing Assets/CoffeeShopStarterPack/Prefabs/UI using Guid(9299969f9b5d3429fbe5b80f025fb41b) Importer(2089858483,b0f066a214c2f5e87bad3c948f4d605d) (ScriptedImporter) -> (artifact id: '15ac4b5058e5206e7b6a26a827bfaefc') in 0.0034554 seconds
Number of updated asset objects reloaded before import = 0Number of asset objects unloaded after import = 1

========================================================================
Received Import Request.
  Time since last request: 0.000217 seconds.
  path: Assets/CoffeeShopStarterPack/Models/PW_cheesecake_strawberry.fbx
  artifactKey: Guid(7f923fda2c9af40558bca23c92ee1e1f) Importer(2089858483,b0f066a214c2f5e87bad3c948f4d605d)
Start importing Assets/CoffeeShopStarterPack/Models/PW_cheesecake_strawberry.fbx using Guid(7f923fda2c9af40558bca23c92ee1e1f) Importer(2089858483,b0f066a214c2f5e87bad3c948f4d605d) (ScriptedImporter) -> (artifact id: '0371e0f75ce55ab35e038997dc74e0ab') in 0.0097612 seconds
Number of updated asset objects reloaded before import = 0Number of asset objects unloaded after import = 9

========================================================================
Received Import Request.
  Time since last request: 0.000014 seconds.
  path: Assets/CoffeeShopStarterPack/Animations/dummy_animation_shake.anim
  artifactKey: Guid(67d522abed26040a1bfde5d8a07a6bf6) Importer(2089858483,b0f066a214c2f5e87bad3c948f4d605d)
Start importing Assets/CoffeeShopStarterPack/Animations/dummy_animation_shake.anim using Guid(67d522abed26040a1bfde5d8a07a6bf6) Importer(2089858483,b0f066a214c2f5e87bad3c948f4d605d) (ScriptedImporter) -> (artifact id: 'e862f3a05d4b635eb0ad6b893ed55376') in 0.0076932 seconds
Number of updated asset objects reloaded before import = 0Number of asset objects unloaded after import = 1

========================================================================
Received Import Request.
  Time since last request: 0.000063 seconds.
  path: Assets/CoffeeShopStarterPack/Test/ScreenShots/PW_display_cube02.png
  artifactKey: Guid(59a2e0d0069f049e89500fc1eb463f39) Importer(2089858483,b0f066a214c2f5e87bad3c948f4d605d)
Start importing Assets/CoffeeShopStarterPack/Test/ScreenShots/PW_display_cube02.png using Guid(59a2e0d0069f049e89500fc1eb463f39) Importer(2089858483,b0f066a214c2f5e87bad3c948f4d605d) (ScriptedImporter) -> (artifact id: '184fb60b7e1630530cfa3a4423ac22d9') in 0.0064833 seconds
Number of updated asset objects reloaded before import = 0Number of asset objects unloaded after import = 3

========================================================================
Received Import Request.
  Time since last request: 0.000034 seconds.
  path: Assets/CoffeeShopStarterPack/Models/PW_sculent02_S.fbx
  artifactKey: Guid(4b41375ed820440358be33b3d7990b2b) Importer(2089858483,b0f066a214c2f5e87bad3c948f4d605d)
Start importing Assets/CoffeeShopStarterPack/Models/PW_sculent02_S.fbx using Guid(4b41375ed820440358be33b3d7990b2b) Importer(2089858483,b0f066a214c2f5e87bad3c948f4d605d) (ScriptedImporter) -> (artifact id: '7b3fc6a06723583838e7ef0308d871b1') in 0.0084517 seconds
Number of updated asset objects reloaded before import = 0Number of asset objects unloaded after import = 28

========================================================================
Received Import Request.
  Time since last request: 0.000017 seconds.
  path: Assets/CoffeeShopStarterPack/Prefabs/PW_croissant_toserve.prefab
  artifactKey: Guid(b4ed931ca91f741b6a600b8a20639eed) Importer(2089858483,b0f066a214c2f5e87bad3c948f4d605d)
Start importing Assets/CoffeeShopStarterPack/Prefabs/PW_croissant_toserve.prefab using Guid(b4ed931ca91f741b6a600b8a20639eed) Importer(2089858483,b0f066a214c2f5e87bad3c948f4d605d) (ScriptedImporter) -> (artifact id: 'e9f81a3710b91df54554f954aef0f8ec') in 0.0036963 seconds
Number of updated asset objects reloaded before import = 0Number of asset objects unloaded after import = 28

========================================================================
Received Import Request.
  Time since last request: 0.000098 seconds.
  path: Assets/CoffeeShopStarterPack/Test/ScreenShots/PW_croissant_toserve.png
  artifactKey: Guid(ea8ef5eb898dc418b9c213385dcdcce0) Importer(2089858483,b0f066a214c2f5e87bad3c948f4d605d)
Start importing Assets/CoffeeShopStarterPack/Test/ScreenShots/PW_croissant_toserve.png using Guid(ea8ef5eb898dc418b9c213385dcdcce0) Importer(2089858483,b0f066a214c2f5e87bad3c948f4d605d) (ScriptedImporter) -> (artifact id: 'f438da12b0f83a627f4446c61660e4c8') in 0.0058221 seconds
Number of updated asset objects reloaded before import = 0Number of asset objects unloaded after import = 3

========================================================================
Received Import Request.
  Time since last request: 0.000016 seconds.
  path: Assets/CoffeeShopStarterPack/Scenes/ScreenShotScene.unity
  artifactKey: Guid(7a86ffb88e5c74c948b846a69a2072b3) Importer(2089858483,b0f066a214c2f5e87bad3c948f4d605d)
Start importing Assets/CoffeeShopStarterPack/Scenes/ScreenShotScene.unity using Guid(7a86ffb88e5c74c948b846a69a2072b3) Importer(2089858483,b0f066a214c2f5e87bad3c948f4d605d) (ScriptedImporter) -> (artifact id: '8f92f2109ec1867e24d20db5be612fba') in 0.0090202 seconds
Number of updated asset objects reloaded before import = 0Number of asset objects unloaded after import = 1

========================================================================
Received Import Request.
  Time since last request: 0.000104 seconds.
  path: Assets/CoffeeShopStarterPack/Models/PW_display_cube.fbx
  artifactKey: Guid(7276eca7821664e98b34fb52692c3b8e) Importer(2089858483,b0f066a214c2f5e87bad3c948f4d605d)
Start importing Assets/CoffeeShopStarterPack/Models/PW_display_cube.fbx using Guid(7276eca7821664e98b34fb52692c3b8e) Importer(2089858483,b0f066a214c2f5e87bad3c948f4d605d) (ScriptedImporter) -> (artifact id: '6db136d57bdc94c3959f28a40cb314e0') in 0.0056743 seconds
Number of updated asset objects reloaded before import = 0Number of asset objects unloaded after import = 16

========================================================================
Received Import Request.
  Time since last request: 0.000016 seconds.
  path: Assets/CoffeeShopStarterPack/Textures/bar.png
  artifactKey: Guid(9f5b42e6619444d599114333c7341d05) Importer(2089858483,b0f066a214c2f5e87bad3c948f4d605d)
Start importing Assets/CoffeeShopStarterPack/Textures/bar.png using Guid(9f5b42e6619444d599114333c7341d05) Importer(2089858483,b0f066a214c2f5e87bad3c948f4d605d) (ScriptedImporter) -> (artifact id: 'a02e551b5175608c0664b3c77ce565ca') in 0.0052557 seconds
Number of updated asset objects reloaded before import = 0Number of asset objects unloaded after import = 3

========================================================================
Received Import Request.
  Time since last request: 0.000023 seconds.
  path: Assets/CoffeeShopStarterPack/Models/PW_display_cube02.fbx
  artifactKey: Guid(9911bb6161cb24661bf3177514e2008d) Importer(2089858483,b0f066a214c2f5e87bad3c948f4d605d)
Start importing Assets/CoffeeShopStarterPack/Models/PW_display_cube02.fbx using Guid(9911bb6161cb24661bf3177514e2008d) Importer(2089858483,b0f066a214c2f5e87bad3c948f4d605d) (ScriptedImporter) -> (artifact id: 'd9d79b6dc5d1f6cb7e7551c15fb7e986') in 0.006302 seconds
Number of updated asset objects reloaded before import = 0Number of asset objects unloaded after import = 9

========================================================================
Received Import Request.
  Time since last request: 0.000014 seconds.
  path: Assets/CoffeeShopStarterPack/Prefabs/Gameplay/Products
  artifactKey: Guid(3bc6a9d81b7b3496492d34cbd4c1fc0b) Importer(2089858483,b0f066a214c2f5e87bad3c948f4d605d)
Start importing Assets/CoffeeShopStarterPack/Prefabs/Gameplay/Products using Guid(3bc6a9d81b7b3496492d34cbd4c1fc0b) Importer(2089858483,b0f066a214c2f5e87bad3c948f4d605d) (ScriptedImporter) -> (artifact id: 'c67bf14e282fdffecd067f5c24470d16') in 0.0021478 seconds
Number of updated asset objects reloaded before import = 0Number of asset objects unloaded after import = 1

========================================================================
Received Import Request.
  Time since last request: 0.000027 seconds.
  path: Assets/CoffeeShopStarterPack/Prefabs/Gameplay/Products/PW_frenchtoas_cherry_tomato_type0.prefab
  artifactKey: Guid(3cc49c11284454ddc8ff9ed8d8e71930) Importer(2089858483,b0f066a214c2f5e87bad3c948f4d605d)
Start importing Assets/CoffeeShopStarterPack/Prefabs/Gameplay/Products/PW_frenchtoas_cherry_tomato_type0.prefab using Guid(3cc49c11284454ddc8ff9ed8d8e71930) Importer(2089858483,b0f066a214c2f5e87bad3c948f4d605d) (ScriptedImporter) -> (artifact id: 'ba421e6ff04e38d34c581ec931a16b59') in 0.012896 seconds
Number of updated asset objects reloaded before import = 0Number of asset objects unloaded after import = 30

========================================================================
Received Import Request.
  Time since last request: 0.000017 seconds.
  path: Assets/CoffeeShopStarterPack/Test/ScreenShots/PW_cup01.png
  artifactKey: Guid(93975662c972a4db5bb8e858a559e9ec) Importer(2089858483,b0f066a214c2f5e87bad3c948f4d605d)
Start importing Assets/CoffeeShopStarterPack/Test/ScreenShots/PW_cup01.png using Guid(93975662c972a4db5bb8e858a559e9ec) Importer(2089858483,b0f066a214c2f5e87bad3c948f4d605d) (ScriptedImporter) -> (artifact id: '45c1e752774771353276b1f7e2f0e91a') in 0.0065768 seconds
Number of updated asset objects reloaded before import = 0Number of asset objects unloaded after import = 3

========================================================================
Received Import Request.
  Time since last request: 0.000013 seconds.
  path: Assets/CoffeeShopStarterPack/Models/PW_cookie.fbx
  artifactKey: Guid(18e651e9430dc49f8aba22d0b7b80602) Importer(2089858483,b0f066a214c2f5e87bad3c948f4d605d)
Start importing Assets/CoffeeShopStarterPack/Models/PW_cookie.fbx using Guid(18e651e9430dc49f8aba22d0b7b80602) Importer(2089858483,b0f066a214c2f5e87bad3c948f4d605d) (ScriptedImporter) -> (artifact id: '5ff4708ad8057ed903357b12cb441826') in 0.0055559 seconds
Number of updated asset objects reloaded before import = 0Number of asset objects unloaded after import = 9

========================================================================
Received Import Request.
  Time since last request: 0.000014 seconds.
  path: Assets/CoffeeShopStarterPack/Prefabs/PW_cup01.prefab
  artifactKey: Guid(8d57f19c265de49429f0074af4e75232) Importer(2089858483,b0f066a214c2f5e87bad3c948f4d605d)
Start importing Assets/CoffeeShopStarterPack/Prefabs/PW_cup01.prefab using Guid(8d57f19c265de49429f0074af4e75232) Importer(2089858483,b0f066a214c2f5e87bad3c948f4d605d) (ScriptedImporter) -> (artifact id: 'b6982ae15c620446ed8d81d482de7bf2') in 0.002722 seconds
Number of updated asset objects reloaded before import = 0Number of asset objects unloaded after import = 16

Editor requested this worker to shutdown with reason: Scaling down because of idle timeout
AssetImportWorker is now disconnected from the server
Process exiting
Exiting without the bug reporter. Application will terminate with return code 0